<html>
<body>
<pre>
<h1>礦ision Build Log</h1>
<h2>Tool Versions:</h2>
IDE-Version: μVision V5.15
Copyright (C) 2015 ARM Ltd and ARM Germany GmbH. All rights reserved.
License Information: dggd sg, sdgdfg, LIC=47GII-TPLBE-V1BP8-3SIX3-VTY5U-YR34B
 
Tool Versions:
Toolchain:       MDK-ARM Standard  Version: 5.15.0
Toolchain Path:  C:\Keil_v5\ARM\ARMCC\Bin
C Compiler:      Armcc.exe V5.05 update 2 (build 169)
Assembler:       Armasm.exe V5.05 update 2 (build 169)
Linker/Locator:  ArmLink.exe V5.05 update 2 (build 169)
Library Manager: ArmAr.exe V5.05 update 2 (build 169)
Hex Converter:   FromElf.exe V5.05 update 2 (build 169)
CPU DLL:         SARMCM3.DLL V5.15.0
Dialog DLL:      DARMSTM.DLL V1.65.0.0
Target DLL:      CMSIS_AGDI.dll V1.21.12.0
Dialog DLL:      DARMSTM.DLL V1.65.0.0
 
<h2>Project:</h2>
G:\项目\电子称\balance\Electronic_balance.uvprojx
Project File Date:  07/10/2018

<h2>Output:</h2>
*** Using Compiler 'V5.05 update 2 (build 169)', folder: 'C:\Keil_v5\ARM\ARMCC\Bin'
Rebuild target 'electronic_balance'
compiling main.c...
compiling KEY.c...
compiling balance.c...
compiling CS1237.c...
compiling filter.c...
compiling beep.c...
compiling HMI.c...
compiling power.c...
compiling LED.c...
compiling ds1302.c...
compiling OLED.c...
compiling word.c...
compiling battery.c...
compiling ADC.c...
compiling flash.c...
compiling USART1.c...
compiling USART2.c...
compiling client.c...
compiling usart2printf.c...
compiling delay.c...
compiling least_square.c...
SYSTEM\least_square.c(23): warning:  #177-D: variable "a0" was declared but never referenced
        float a0,a1,a2,temp,temp0,temp1,temp2;
SYSTEM\least_square.c(23): warning:  #177-D: variable "a2" was declared but never referenced
        float a0,a1,a2,temp,temp0,temp1,temp2;
SYSTEM\least_square.c(23): warning:  #177-D: variable "temp0" was declared but never referenced
        float a0,a1,a2,temp,temp0,temp1,temp2;
SYSTEM\least_square.c(23): warning:  #177-D: variable "temp2" was declared but never referenced
        float a0,a1,a2,temp,temp0,temp1,temp2;
SYSTEM\least_square.c(24): warning:  #177-D: variable "syy" was declared but never referenced
        float sy=0,sx=0,sxx=0,syy=0,sxy=0,sxxy=0,sxxx=0,sxxxx=0;        //定???喙乇?量
SYSTEM\least_square.c: 5 warnings, 0 errors
compiling stm32f10x_it.c...
compiling system_stm32f10x.c...
compiling core_cm3.c...
assembling startup_stm32f10x_hd.s...
compiling misc.c...
compiling stm32f10x_gpio.c...
compiling stm32f10x_i2c.c...
compiling stm32f10x_rcc.c...
compiling stm32f10x_usart.c...
compiling stm32f10x_exti.c...
compiling stm32f10x_dma.c...
compiling stm32f10x_pwr.c...
compiling stm32f10x_adc.c...
compiling stm32f10x_flash.c...
linking...
Program Size: Code=21448 RO-data=4508 RW-data=708 ZI-data=2660  
".\Objects\Electronic_balance.axf" - 0 Error(s), 5 Warning(s).

<h2>Collection of Component include folders:</h2>
  G:\项目\电子称\balance\RTE
  C:\Keil_v5\ARM\PACK\Keil\STM32F1xx_DFP\2.0.0\Device\Include

<h2>Collection of Component Files used:</h2>
</pre>
</body>
</html>
