Component: ARM Compiler 5.05 update 2 (build 169) Tool: armlink [4d0f33]

==============================================================================

Section Cross References

    main.o(i.main) refers to oled.o(i.OLED_Init) for OLED_Init
    main.o(i.main) refers to ds1302.o(i.DS1302_Init) for DS1302_Init
    main.o(i.main) refers to adc.o(i.ADC_All_Init) for ADC_All_Init
    main.o(i.main) refers to usart2.o(i.ESP8266_Init) for ESP8266_Init
    main.o(i.main) refers to usart1.o(i.USART_1_Init) for USART_1_Init
    main.o(i.main) refers to beep.o(i.Beep_Init) for Beep_Init
    main.o(i.main) refers to led.o(i.LED_Init) for LED_Init
    main.o(i.main) refers to key.o(i.Key_Init) for Key_Init
    main.o(i.main) refers to cs1237.o(i.CS1237_Init) for CS1237_Init
    main.o(i.main) refers to balance.o(i.Get_Weight_Coe) for Get_Weight_Coe
    main.o(i.main) refers to hmi.o(i.HMI_Send_Start) for HMI_Send_Start
    main.o(i.main) refers to hmi.o(i.HMI_Unsleep_Mode) for HMI_Unsleep_Mode
    main.o(i.main) refers to printfa.o(i.__0sprintf) for __2sprintf
    main.o(i.main) refers to hmi.o(i.HMI_Send_String) for HMI_Send_String
    main.o(i.main) refers to delay.o(i.Delay_ms) for Delay_ms
    main.o(i.main) refers to beep.o(i.Beep_Warning) for Beep_Warning
    main.o(i.main) refers to led.o(i.LED_Start) for LED_Start
    main.o(i.main) refers to balance.o(i.Get_Weight) for Get_Weight
    main.o(i.main) refers to cfrcmple.o(.text) for __aeabi_cfrcmple
    main.o(i.main) refers to f2d.o(.text) for __aeabi_f2d
    main.o(i.main) refers to cdcmple.o(.text) for __aeabi_cdcmple
    main.o(i.main) refers to fflti.o(.text) for __aeabi_i2f
    main.o(i.main) refers to fmul.o(.text) for __aeabi_fmul
    main.o(i.main) refers to fadd.o(.text) for __aeabi_fadd
    main.o(i.main) refers to ds1302.o(i.Display_Real_Time) for Display_Real_Time
    main.o(i.main) refers to battery.o(i.OLED_Show_RealTime_Battery) for OLED_Show_RealTime_Battery
    main.o(i.main) refers to usart1.o(i.USART_DMA_Receive) for USART_DMA_Receive
    main.o(i.main) refers to hmi.o(i.HMI_Receive) for HMI_Receive
    main.o(i.main) refers to cfcmple.o(.text) for __aeabi_cfcmple
    main.o(i.main) refers to led.o(i.LED1_Twinkling) for LED1_Twinkling
    main.o(i.main) refers to led.o(i.LED2_Twinkling) for LED2_Twinkling
    main.o(i.main) refers to power.o(i.Low_Power_Mode) for Low_Power_Mode
    main.o(i.main) refers to client.o(i.ESP8266_Keep_Linking) for ESP8266_Keep_Linking
    main.o(i.main) refers to oled.o(i.OLED_Show_String) for OLED_Show_String
    main.o(i.main) refers to main.o(.bss) for string_buf
    main.o(i.main) refers to main.o(.data) for now_weight
    main.o(i.main) refers to hmi.o(.data) for start_dynamic_calibration
    key.o(i.EXTI15_10_IRQHandler) refers to stm32f10x_exti.o(i.EXTI_GetITStatus) for EXTI_GetITStatus
    key.o(i.EXTI15_10_IRQHandler) refers to stm32f10x_gpio.o(i.GPIO_ReadInputDataBit) for GPIO_ReadInputDataBit
    key.o(i.EXTI15_10_IRQHandler) refers to delay.o(i.Delay_ms) for Delay_ms
    key.o(i.EXTI15_10_IRQHandler) refers to power.o(i.Restart_From_Low_Power) for Restart_From_Low_Power
    key.o(i.EXTI15_10_IRQHandler) refers to stm32f10x_exti.o(i.EXTI_ClearITPendingBit) for EXTI_ClearITPendingBit
    key.o(i.Key_Init) refers to stm32f10x_rcc.o(i.RCC_APB2PeriphClockCmd) for RCC_APB2PeriphClockCmd
    key.o(i.Key_Init) refers to stm32f10x_gpio.o(i.GPIO_Init) for GPIO_Init
    key.o(i.Key_Init) refers to stm32f10x_gpio.o(i.GPIO_SetBits) for GPIO_SetBits
    key.o(i.Key_Init) refers to stm32f10x_exti.o(i.EXTI_ClearITPendingBit) for EXTI_ClearITPendingBit
    key.o(i.Key_Init) refers to stm32f10x_gpio.o(i.GPIO_EXTILineConfig) for GPIO_EXTILineConfig
    key.o(i.Key_Init) refers to stm32f10x_exti.o(i.EXTI_Init) for EXTI_Init
    key.o(i.Key_Init) refers to misc.o(i.NVIC_PriorityGroupConfig) for NVIC_PriorityGroupConfig
    key.o(i.Key_Init) refers to misc.o(i.NVIC_Init) for NVIC_Init
    balance.o(i.Choose_Coe) refers to cfcmple.o(.text) for __aeabi_cfcmple
    balance.o(i.Choose_Coe) refers to f2d.o(.text) for __aeabi_f2d
    balance.o(i.Choose_Coe) refers to dadd.o(.text) for __aeabi_dadd
    balance.o(i.Choose_Coe) refers to d2f.o(.text) for __aeabi_d2f
    balance.o(i.Choose_Coe) refers to balance.o(.data) for Weight_Coe_100g
    balance.o(i.Get_Weight) refers to cs1237.o(i.CS1237_Read_18bit_ADC) for CS1237_Read_18bit_ADC
    balance.o(i.Get_Weight) refers to printfa.o(i.__0sprintf) for __2sprintf
    balance.o(i.Get_Weight) refers to hmi.o(i.HMI_Send_String) for HMI_Send_String
    balance.o(i.Get_Weight) refers to delay.o(i.Delay_ms) for Delay_ms
    balance.o(i.Get_Weight) refers to fflti.o(.text) for __aeabi_i2f
    balance.o(i.Get_Weight) refers to filter.o(i.filter_eliminate_dithering) for filter_eliminate_dithering
    balance.o(i.Get_Weight) refers to balance.o(i.Choose_Coe) for Choose_Coe
    balance.o(i.Get_Weight) refers to fmul.o(.text) for __aeabi_fmul
[...]
    .text                                    0x080008c0   Section        0  fepilogue.o(.text)
    .text                                    0x080008c0   Section        0  iusefp.o(.text)
    .text                                    0x0800092e   Section        0  depilogue.o(.text)
    .text                                    0x080009e8   Section        0  dscalb.o(.text)
    .text                                    0x08000a16   Section        0  dfixul.o(.text)
    .text                                    0x08000a48   Section       48  cdrcmple.o(.text)
    .text                                    0x08000a78   Section       36  init.o(.text)
    .text                                    0x08000a9c   Section        0  dsqrt.o(.text)
    .text                                    0x08000b3e   Section        0  __dczerorl2.o(.text)
    i.ADC_All_Init                           0x08000b94   Section        0  adc.o(i.ADC_All_Init)
    i.ADC_Cmd                                0x08000ba4   Section        0  stm32f10x_adc.o(i.ADC_Cmd)
    i.ADC_DMACmd                             0x08000bba   Section        0  stm32f10x_adc.o(i.ADC_DMACmd)
    i.ADC_DeInit                             0x08000bd0   Section        0  stm32f10x_adc.o(i.ADC_DeInit)
    i.ADC_GPIO_Init                          0x08000c2c   Section        0  adc.o(i.ADC_GPIO_Init)
    ADC_GPIO_Init                            0x08000c2d   Thumb Code    32  adc.o(i.ADC_GPIO_Init)
    i.ADC_GetCalibrationStatus               0x08000c50   Section        0  stm32f10x_adc.o(i.ADC_GetCalibrationStatus)
    i.ADC_GetResetCalibrationStatus          0x08000c64   Section        0  stm32f10x_adc.o(i.ADC_GetResetCalibrationStatus)
    i.ADC_Init                               0x08000c78   Section        0  stm32f10x_adc.o(i.ADC_Init)
    i.ADC_Mode_Config                        0x08000cc8   Section        0  adc.o(i.ADC_Mode_Config)
    ADC_Mode_Config                          0x08000cc9   Thumb Code   140  adc.o(i.ADC_Mode_Config)
    i.ADC_RegularChannelConfig               0x08000d58   Section        0  stm32f10x_adc.o(i.ADC_RegularChannelConfig)
    i.ADC_ResetCalibration                   0x08000e10   Section        0  stm32f10x_adc.o(i.ADC_ResetCalibration)
    i.ADC_SoftwareStartConvCmd               0x08000e1a   Section        0  stm32f10x_adc.o(i.ADC_SoftwareStartConvCmd)
    i.ADC_StartCalibration                   0x08000e30   Section        0  stm32f10x_adc.o(i.ADC_StartCalibration)
    i.ADC_cal_aveg                           0x08000e3c   Section        0  adc.o(i.ADC_cal_aveg)
    i.ADC_filter                             0x08000e74   Section        0  adc.o(i.ADC_filter)
    ADC_filter                               0x08000e75   Thumb Code    36  adc.o(i.ADC_filter)
    i.Beep_Init                              0x08000ea0   Section        0  beep.o(i.Beep_Init)
    i.Beep_Warning                           0x08000ed8   Section        0  beep.o(i.Beep_Warning)
    i.BusFault_Handler                       0x08000f10   Section        0  stm32f10x_it.o(i.BusFault_Handler)
    i.CS1237_GPIO_Init                       0x08000f14   Section        0  cs1237.o(i.CS1237_GPIO_Init)
    CS1237_GPIO_Init                         0x08000f15   Thumb Code    40  cs1237.o(i.CS1237_GPIO_Init)
    i.CS1237_Init                            0x08000f40   Section        0  cs1237.o(i.CS1237_Init)
    i.CS1237_Power_Down                      0x08000fc0   Section        0  cs1237.o(i.CS1237_Power_Down)
    i.CS1237_Read_18bit_ADC                  0x08000fe8   Section        0  cs1237.o(i.CS1237_Read_18bit_ADC)
    i.CS1237_Read_ADC                        0x08001058   Section        0  cs1237.o(i.CS1237_Read_ADC)
    i.CS1237_Read_Config                     0x0800110c   Section        0  cs1237.o(i.CS1237_Read_Config)
    i.CS1237_Restart                         0x080012d8   Section        0  cs1237.o(i.CS1237_Restart)
    i.CS1237_Write_Config                    0x080012f0   Section        0  cs1237.o(i.CS1237_Write_Config)
    i.CS1237_delay_ms                        0x080014d4   Section        0  cs1237.o(i.CS1237_delay_ms)
    CS1237_delay_ms                          0x080014d5   Thumb Code    20  cs1237.o(i.CS1237_delay_ms)
    i.CS1237_delay_us                        0x080014e8   Section        0  cs1237.o(i.CS1237_delay_us)
    CS1237_delay_us                          0x080014e9   Thumb Code    14  cs1237.o(i.CS1237_delay_us)
    i.Choose_Coe                             0x080014f8   Section        0  balance.o(i.Choose_Coe)
    Choose_Coe                               0x080014f9   Thumb Code   158  balance.o(i.Choose_Coe)
    i.DMA1_Channel1_IRQHandler               0x080015cc   Section        0  adc.o(i.DMA1_Channel1_IRQHandler)
    i.DMA_ClearITPendingBit                  0x080015e4   Section        0  stm32f10x_dma.o(i.DMA_ClearITPendingBit)
    i.DMA_Cmd                                0x08001600   Section        0  stm32f10x_dma.o(i.DMA_Cmd)
    i.DMA_Configuration                      0x08001618   Section        0  adc.o(i.DMA_Configuration)
    DMA_Configuration                        0x08001619   Thumb Code   128  adc.o(i.DMA_Configuration)
    i.DMA_DeInit                             0x080016a4   Section        0  stm32f10x_dma.o(i.DMA_DeInit)
    i.DMA_GetCurrDataCounter                 0x080017f0   Section        0  stm32f10x_dma.o(i.DMA_GetCurrDataCounter)
    i.DMA_GetITStatus                        0x080017f8   Section        0  stm32f10x_dma.o(i.DMA_GetITStatus)
    i.DMA_ITConfig                           0x08001824   Section        0  stm32f10x_dma.o(i.DMA_ITConfig)
    i.DMA_Init                               0x08001836   Section        0  stm32f10x_dma.o(i.DMA_Init)
    i.DMA_SetCurrDataCounter                 0x08001872   Section        0  stm32f10x_dma.o(i.DMA_SetCurrDataCounter)
    i.DMA_Start                              0x08001878   Section        0  usart1.o(i.DMA_Start)
    DMA_Start                                0x08001879   Thumb Code    28  usart1.o(i.DMA_Start)
    i.DS1302_GPIO_Init                       0x08001898   Section        0  ds1302.o(i.DS1302_GPIO_Init)
    DS1302_GPIO_Init                         0x08001899   Thumb Code    64  ds1302.o(i.DS1302_GPIO_Init)
    i.DS1302_Init                            0x080018dc   Section        0  ds1302.o(i.DS1302_Init)
    i.DS1302_ReadByte                        0x08001908   Section        0  ds1302.o(i.DS1302_ReadByte)
    DS1302_ReadByte                          0x08001909   Thumb Code    82  ds1302.o(i.DS1302_ReadByte)
    i.DS1302_ReadData                        0x08001964   Section        0  ds1302.o(i.DS1302_ReadData)
    DS1302_ReadData                          0x08001965   Thumb Code   120  ds1302.o(i.DS1302_ReadData)
    i.DS1302_ReadTime                        0x080019e4   Section        0  ds1302.o(i.DS1302_ReadTime)
    i.DS1302_WriteByte                       0x08001a04   Section        0  ds1302.o(i.DS1302_WriteByte)
    DS1302_WriteByte                         0x08001a05   Thumb Code    92  ds1302.o(i.DS1302_WriteByte)
    i.DS1302_delay_us                        0x08001a68   Section        0  ds1302.o(i.DS1302_delay_us)
    DS1302_delay_us                          0x08001a69   Thumb Code    30  ds1302.o(i.DS1302_delay_us)
    i.DebugMon_Handler                       0x08001a86   Section        0  stm32f10x_it.o(i.DebugMon_Handler)
    i.Delay_ms                               0x08001a88   Section        0  delay.o(i.Delay_ms)
    i.Display_Real_Time                      0x08001a9c   Section        0  ds1302.o(i.Display_Real_Time)
    i.ESP8266_Cmd                            0x08001b98   Section        0  client.o(i.ESP8266_Cmd)
    i.ESP8266_Init                           0x08001c44   Section        0  usart2.o(i.ESP8266_Init)
    i.ESP8266_JoinAP                         0x08001c54   Section        0  client.o(i.ESP8266_JoinAP)
    i.ESP8266_Keep_Linking                   0x08001c94   Section        0  client.o(i.ESP8266_Keep_Linking)
    i.ESP8266_Link_Server                    0x08001cb0   Section        0  client.o(i.ESP8266_Link_Server)
    i.ESP8266_Link_WIFI                      0x08001d70   Section        0  client.o(i.ESP8266_Link_WIFI)
    i.ESP8266_Net_Mode_Choose                0x08001f08   Section        0  client.o(i.ESP8266_Net_Mode_Choose)
    i.ESP8266_SendString                     0x08001f80   Section        0  client.o(i.ESP8266_SendString)
    i.ESP8266_UnvarnishSend                  0x08002020   Section        0  client.o(i.ESP8266_UnvarnishSend)
    i.ESP8266_Update_Data                    0x0800206c   Section        0  client.o(i.ESP8266_Update_Data)
    i.EXTI15_10_IRQHandler                   0x08002120   Section        0  key.o(i.EXTI15_10_IRQHandler)
    i.EXTI_ClearITPendingBit                 0x0800215c   Section        0  stm32f10x_exti.o(i.EXTI_ClearITPendingBit)
    i.EXTI_GetITStatus                       0x08002168   Section        0  stm32f10x_exti.o(i.EXTI_GetITStatus)
    i.EXTI_Init                              0x08002190   Section        0  stm32f10x_exti.o(i.EXTI_Init)
    i.GPIO_EXTILineConfig                    0x08002224   Section        0  stm32f10x_gpio.o(i.GPIO_EXTILineConfig)
    i.GPIO_Init                              0x08002264   Section        0  stm32f10x_gpio.o(i.GPIO_Init)
    i.GPIO_ReadInputDataBit                  0x0800237a   Section        0  stm32f10x_gpio.o(i.GPIO_ReadInputDataBit)
    i.GPIO_ResetBits                         0x0800238c   Section        0  stm32f10x_gpio.o(i.GPIO_ResetBits)
    i.GPIO_SetBits                           0x08002390   Section        0  stm32f10x_gpio.o(i.GPIO_SetBits)
    i.Get_Weight                             0x08002394   Section        0  balance.o(i.Get_Weight)
    i.Get_Weight_Coe                         0x080024c4   Section        0  balance.o(i.Get_Weight_Coe)
    i.HMI_Receive                            0x08002504   Section        0  hmi.o(i.HMI_Receive)
    i.HMI_Send_Start                         0x0800287c   Section        0  hmi.o(i.HMI_Send_Start)
    i.HMI_Send_String                        0x08002898   Section        0  hmi.o(i.HMI_Send_String)
    i.HMI_Sleep_Mode                         0x08002910   Section        0  hmi.o(i.HMI_Sleep_Mode)
    i.HMI_Unsleep_Mode                       0x08002938   Section        0  hmi.o(i.HMI_Unsleep_Mode)
    i.HardFault_Handler                      0x08002960   Section        0  stm32f10x_it.o(i.HardFault_Handler)
    i.Key_Init                               0x08002964   Section        0  key.o(i.Key_Init)
    i.LED1_Twinkling                         0x080029e8   Section        0  led.o(i.LED1_Twinkling)
    i.LED2_Twinkling                         0x08002a20   Section        0  led.o(i.LED2_Twinkling)
    i.LED_Init                               0x08002a58   Section        0  led.o(i.LED_Init)
    i.LED_Start                              0x08002a90   Section        0  led.o(i.LED_Start)
    i.Least_Square                           0x08002ac8   Section        0  least_square.o(i.Least_Square)
    i.Low_Power_Mode                         0x08002c34   Section        0  power.o(i.Low_Power_Mode)
    i.MemManage_Handler                      0x08002c54   Section        0  stm32f10x_it.o(i.MemManage_Handler)
    i.NMI_Handler                            0x08002c58   Section        0  stm32f10x_it.o(i.NMI_Handler)
    i.NVIC_Init                              0x08002c5c   Section        0  misc.o(i.NVIC_Init)
    i.NVIC_PriorityGroupConfig               0x08002ccc   Section        0  misc.o(i.NVIC_PriorityGroupConfig)
    i.OLED_Clear                             0x08002ce0   Section        0  oled.o(i.OLED_Clear)
    i.OLED_Coord                             0x08002d24   Section        0  oled.o(i.OLED_Coord)
    i.OLED_Display_Off                       0x08002d52   Section        0  oled.o(i.OLED_Display_Off)
    i.OLED_Display_On                        0x08002d6e   Section        0  oled.o(i.OLED_Display_On)
    i.OLED_GPIO_INIT                         0x08002d8c   Section        0  oled.o(i.OLED_GPIO_INIT)
    OLED_GPIO_INIT                           0x08002d8d   Thumb Code    50  oled.o(i.OLED_GPIO_INIT)
    i.OLED_Init                              0x08002dc4   Section        0  oled.o(i.OLED_Init)
    i.OLED_ShowChar                          0x08002ee8   Section        0  oled.o(i.OLED_ShowChar)
    i.OLED_Show_16X32_Num                    0x08002f58   Section        0  oled.o(i.OLED_Show_16X32_Num)
    i.OLED_Show_Battery                      0x08003020   Section        0  battery.o(i.OLED_Show_Battery)
    i.OLED_Show_Big_Time                     0x08003058   Section        0  oled.o(i.OLED_Show_Big_Time)
    i.OLED_Show_RealTime_Battery             0x080030a0   Section        0  battery.o(i.OLED_Show_RealTime_Battery)
    i.OLED_Show_String                       0x080030e4   Section        0  oled.o(i.OLED_Show_String)
    i.One_CLK                                0x0800311c   Section        0  cs1237.o(i.One_CLK)
    One_CLK                                  0x0800311d   Thumb Code    36  cs1237.o(i.One_CLK)
    i.PWR_EnterSTOPMode                      0x08003144   Section        0  stm32f10x_pwr.o(i.PWR_EnterSTOPMode)
    i.PendSV_Handler                         0x08003184   Section        0  stm32f10x_it.o(i.PendSV_Handler)
    i.RCC_ADCCLKConfig                       0x08003188   Section        0  stm32f10x_rcc.o(i.RCC_ADCCLKConfig)
    i.RCC_AHBPeriphClockCmd                  0x080031a0   Section        0  stm32f10x_rcc.o(i.RCC_AHBPeriphClockCmd)
    i.RCC_APB1PeriphClockCmd                 0x080031c0   Section        0  stm32f10x_rcc.o(i.RCC_APB1PeriphClockCmd)
    i.RCC_APB1PeriphResetCmd                 0x080031e0   Section        0  stm32f10x_rcc.o(i.RCC_APB1PeriphResetCmd)
    i.RCC_APB2PeriphClockCmd                 0x08003200   Section        0  stm32f10x_rcc.o(i.RCC_APB2PeriphClockCmd)
    i.RCC_APB2PeriphResetCmd                 0x08003220   Section        0  stm32f10x_rcc.o(i.RCC_APB2PeriphResetCmd)
    i.RCC_GetClocksFreq                      0x08003240   Section        0  stm32f10x_rcc.o(i.RCC_GetClocksFreq)
    i.RCC_GetFlagStatus                      0x08003314   Section        0  stm32f10x_rcc.o(i.RCC_GetFlagStatus)
    i.RCC_GetSYSCLKSource                    0x08003350   Section        0  stm32f10x_rcc.o(i.RCC_GetSYSCLKSource)
    i.RCC_HSEConfig                          0x08003360   Section        0  stm32f10x_rcc.o(i.RCC_HSEConfig)
    i.RCC_PLLCmd                             0x080033ac   Section        0  stm32f10x_rcc.o(i.RCC_PLLCmd)
    i.RCC_SYSCLKConfig                       0x080033b8   Section        0  stm32f10x_rcc.o(i.RCC_SYSCLKConfig)
    i.RCC_WaitForHSEStartUp                  0x080033d0   Section        0  stm32f10x_rcc.o(i.RCC_WaitForHSEStartUp)
    i.Restart_From_Low_Power                 0x08003408   Section        0  power.o(i.Restart_From_Low_Power)
    i.SPI_Write                              0x0800344c   Section        0  oled.o(i.SPI_Write)
    i.SVC_Handler                            0x080034c8   Section        0  stm32f10x_it.o(i.SVC_Handler)
    i.SetSysClock                            0x080034ca   Section        0  system_stm32f10x.o(i.SetSysClock)
    SetSysClock                              0x080034cb   Thumb Code     8  system_stm32f10x.o(i.SetSysClock)
    i.SetSysClockTo72                        0x080034d4   Section        0  system_stm32f10x.o(i.SetSysClockTo72)
    SetSysClockTo72                          0x080034d5   Thumb Code   214  system_stm32f10x.o(i.SetSysClockTo72)
    i.SysTick_Handler                        0x080035b4   Section        0  stm32f10x_it.o(i.SysTick_Handler)
    i.SystemInit                             0x080035b8   Section        0  system_stm32f10x.o(i.SystemInit)
    i.USART1_IRQHandler                      0x08003618   Section        0  usart1.o(i.USART1_IRQHandler)
    i.USART2_IRQHandler                      0x08003670   Section        0  usart2.o(i.USART2_IRQHandler)
    i.USART2_printf                          0x08003750   Section        0  usart2printf.o(i.USART2_printf)
    i.USART_1_Init                           0x08003858   Section        0  usart1.o(i.USART_1_Init)
    i.USART_ClearFlag                        0x08003900   Section        0  stm32f10x_usart.o(i.USART_ClearFlag)
    i.USART_Cmd                              0x08003912   Section        0  stm32f10x_usart.o(i.USART_Cmd)
    i.USART_DMACmd                           0x0800392a   Section        0  stm32f10x_usart.o(i.USART_DMACmd)
    i.USART_DMA_Receive                      0x0800393c   Section        0  usart1.o(i.USART_DMA_Receive)
    i.USART_DeInit                           0x0800398c   Section        0  stm32f10x_usart.o(i.USART_DeInit)
    i.USART_GetFlagStatus                    0x08003a28   Section        0  stm32f10x_usart.o(i.USART_GetFlagStatus)
    i.USART_GetITStatus                      0x08003a42   Section        0  stm32f10x_usart.o(i.USART_GetITStatus)
    i.USART_ITConfig                         0x08003a96   Section        0  stm32f10x_usart.o(i.USART_ITConfig)
    i.USART_Init                             0x08003ae0   Section        0  stm32f10x_usart.o(i.USART_Init)
    i.USART_RX_DMA_Config                    0x08003bb8   Section        0  usart1.o(i.USART_RX_DMA_Config)
    USART_RX_DMA_Config                      0x08003bb9   Thumb Code   106  usart1.o(i.USART_RX_DMA_Config)
    i.USART_ReceiveData                      0x08003c30   Section        0  stm32f10x_usart.o(i.USART_ReceiveData)
    i.USART_SendData                         0x08003c3a   Section        0  stm32f10x_usart.o(i.USART_SendData)
    i.UsageFault_Handler                     0x08003c42   Section        0  stm32f10x_it.o(i.UsageFault_Handler)
    i.Usart2_Configuration                   0x08003c48   Section        0  usart2.o(i.Usart2_Configuration)
    i.Usart2_GPIO_Init                       0x08003ccc   Section        0  usart2.o(i.Usart2_GPIO_Init)
    i.__0printf                              0x08003d14   Section        0  printfa.o(i.__0printf)
    i.__0sprintf                             0x08003d34   Section        0  printfa.o(i.__0sprintf)
    i.__ARM_fpclassify                       0x08003d5c   Section        0  fpclassify.o(i.__ARM_fpclassify)
    i.__kernel_poly                          0x08003d84   Section        0  poly.o(i.__kernel_poly)
    i.__mathlib_dbl_divzero                  0x08003e30   Section        0  dunder.o(i.__mathlib_dbl_divzero)
    i.__mathlib_dbl_infnan2                  0x08003e40   Section        0  dunder.o(i.__mathlib_dbl_infnan2)
    i.__mathlib_dbl_invalid                  0x08003e44   Section        0  dunder.o(i.__mathlib_dbl_invalid)
    i.__mathlib_dbl_overflow                 0x08003e50   Section        0  dunder.o(i.__mathlib_dbl_overflow)
    i.__mathlib_dbl_underflow                0x08003e60   Section        0  dunder.o(i.__mathlib_dbl_underflow)
    i.__scatterload_copy                     0x08003e70   Section       14  handlers.o(i.__scatterload_copy)
    i.__scatterload_null                     0x08003e7e   Section        2  handlers.o(i.__scatterload_null)
    i.__scatterload_zeroinit                 0x08003e80   Section       14  handlers.o(i.__scatterload_zeroinit)
    i.__set_errno                            0x08003e90   Section        0  errno.o(i.__set_errno)
    i._fp_digits                             0x08003e9c   Section        0  printfa.o(i._fp_digits)
    _fp_digits                               0x08003e9d   Thumb Code   334  printfa.o(i._fp_digits)
    i._printf_core                           0x08004000   Section        0  printfa.o(i._printf_core)
    _printf_core                             0x08004001   Thumb Code  1744  printfa.o(i._printf_core)
    i._printf_post_padding                   0x080046dc   Section        0  printfa.o(i._printf_post_padding)
    _printf_post_padding                     0x080046dd   Thumb Code    36  printfa.o(i._printf_post_padding)
    i._printf_pre_padding                    0x08004700   Section        0  printfa.o(i._printf_pre_padding)
    _printf_pre_padding                      0x08004701   Thumb Code    46  printfa.o(i._printf_pre_padding)
    i._sputc                                 0x0800472e   Section        0  printfa.o(i._sputc)
    _sputc                                   0x0800472f   Thumb Code    10  printfa.o(i._sputc)
    i.filter_eliminate_dithering             0x08004738   Section        0  filter.o(i.filter_eliminate_dithering)
    i.fputc                                  0x08004760   Section        0  usart1.o(i.fputc)
    i.itoa                                   0x08004784   Section        0  usart2printf.o(i.itoa)
    itoa                                     0x08004785   Thumb Code    98  usart2printf.o(i.itoa)
    i.main                                   0x080047e8   Section        0  main.o(i.main)
    i.mode_IPU                               0x08004a40   Section        0  cs1237.o(i.mode_IPU)
    mode_IPU                                 0x08004a41   Thumb Code    26  cs1237.o(i.mode_IPU)
    i.mode_Out_PP                            0x08004a60   Section        0  cs1237.o(i.mode_Out_PP)
    mode_Out_PP                              0x08004a61   Thumb Code    32  cs1237.o(i.mode_Out_PP)
    i.oled_pow                               0x08004a84   Section        0  oled.o(i.oled_pow)
    oled_pow                                 0x08004a85   Thumb Code    22  oled.o(i.oled_pow)
    i.pow                                    0x08004a9c   Section        0  pow.o(i.pow)
    i.remove_empty_weight                    0x08005454   Section        0  balance.o(i.remove_empty_weight)
    i.sqrt                                   0x080054ac   Section        0  sqrt.o(i.sqrt)
    .constdata                               0x080054f8   Section     3954  word.o(.constdata)
    .constdata                               0x08006470   Section      136  pow.o(.constdata)
    bp                                       0x08006470   Data          16  pow.o(.constdata)
    dp_h                                     0x08006480   Data          16  pow.o(.constdata)
    dp_l                                     0x08006490   Data          16  pow.o(.constdata)
    L                                        0x080064a0   Data          48  pow.o(.constdata)
    P                                        0x080064d0   Data          40  pow.o(.constdata)
    .constdata                               0x080064f8   Section        8  qnan.o(.constdata)
    .conststring                             0x08006500   Section       67  client.o(.conststring)
    .data                                    0x20000000   Section       27  main.o(.data)
    .data                                    0x2000001c   Section       10  balance.o(.data)
    adc_num                                  0x20000024   Data           1  balance.o(.data)
    send_time                                0x20000025   Data           1  balance.o(.data)
    .data                                    0x20000028   Section        8  cs1237.o(.data)
    .data                                    0x20000030   Section        4  hmi.o(.data)
    y_num                                    0x20000033   Data           1  hmi.o(.data)
    .data                                    0x20000034   Section       14  ds1302.o(.data)
    .data                                    0x20000042   Section        2  adc.o(.data)
    .data                                    0x20000044   Section        4  usart1.o(.data)
    .data                                    0x20000048   Section        1  usart2.o(.data)
    .data                                    0x20000049   Section      201  client.o(.data)
    .data                                    0x20000114   Section      404  least_square.o(.data)
    .data                                    0x200002a8   Section       20  stm32f10x_rcc.o(.data)
    APBAHBPrescTable                         0x200002a8   Data          16  stm32f10x_rcc.o(.data)
    ADCPrescTable                            0x200002b8   Data           4  stm32f10x_rcc.o(.data)
    .data                                    0x200002bc   Section        4  stdout.o(.data)
    .data                                    0x200002c0   Section        4  errno.o(.data)
    _errno                                   0x200002c0   Data           4  errno.o(.data)
    .bss                                     0x200002c4   Section       50  main.o(.bss)
    .bss                                     0x200002f8   Section       40  hmi.o(.bss)
    .bss                                     0x20000320   Section       60  adc.o(.bss)
    .bss                                     0x2000035c   Section      426  usart1.o(.bss)
    .bss                                     0x20000506   Section      150  usart2.o(.bss)
    .bss                                     0x2000059c   Section      502  client.o(.bss)
    .bss                                     0x20000794   Section      400  least_square.o(.bss)
    STACK                                    0x20000928   Section     1024  startup_stm32f10x_hd.o(STACK)

    Global Symbols

    Symbol Name                              Value     Ov Type        Size  Object(Section)

    BuildAttributes$$THM_ISAv4$P$D$K$B$S$PE$A:L22UL41UL21$X:L11$S22US41US21$IEEE1$IW$USESV6$~STKCKD$USESV7$~SHL$OTIME$ROPI$IEEEX$EBA8$MICROLIB$REQ8$PRES8$EABIv2 0x00000000   Number         0  anon$$obj.o ABSOLUTE
    __ARM_use_no_argv                        0x00000000   Number         0  main.o ABSOLUTE
    _printf_a                                0x00000000   Number         0  stubs.o ABSOLUTE
    _printf_c                                0x00000000   Number         0  stubs.o ABSOLUTE
    _printf_charcount                        0x00000000   Number         0  stubs.o ABSOLUTE
    _printf_d                                0x00000000   Number         0  stubs.o ABSOLUTE
    _printf_e                                0x00000000   Number         0  stubs.o ABSOLUTE
    _printf_f                                0x00000000   Number         0  stubs.o ABSOLUTE
    _printf_flags                            0x00000000   Number         0  stubs.o ABSOLUTE
    _printf_fp_dec                           0x00000000   Number         0  stubs.o ABSOLUTE
    _printf_fp_hex                           0x00000000   Number         0  stubs.o ABSOLUTE
    _printf_g                                0x00000000   Number         0  stubs.o ABSOLUTE
    _printf_i                                0x00000000   Number         0  stubs.o ABSOLUTE
    _printf_int_dec                          0x00000000   Number         0  stubs.o ABSOLUTE
    _printf_l                                0x00000000   Number         0  stubs.o ABSOLUTE
    _printf_lc                               0x00000000   Number         0  stubs.o ABSOLUTE
    _printf_ll                               0x00000000   Number         0  stubs.o ABSOLUTE
    _printf_lld                              0x00000000   Number         0  stubs.o ABSOLUTE
    _printf_lli                              0x00000000   Number         0  stubs.o ABSOLUTE
    _printf_llo                              0x00000000   Number         0  stubs.o ABSOLUTE
    _printf_llu                              0x00000000   Number         0  stubs.o ABSOLUTE
    _printf_llx                              0x00000000   Number         0  stubs.o ABSOLUTE
    _printf_longlong_dec                     0x00000000   Number         0  stubs.o ABSOLUTE
    _printf_longlong_hex                     0x00000000   Number         0  stubs.o ABSOLUTE
    _printf_longlong_oct                     0x00000000   Number         0  stubs.o ABSOLUTE
    _printf_ls                               0x00000000   Number         0  stubs.o ABSOLUTE
    _printf_mbtowc                           0x00000000   Number         0  stubs.o ABSOLUTE
    _printf_n                                0x00000000   Number         0  stubs.o ABSOLUTE
    _printf_o                                0x00000000   Number         0  stubs.o ABSOLUTE
    _printf_p                                0x00000000   Number         0  stubs.o ABSOLUTE
    _printf_percent                          0x00000000   Number         0  stubs.o ABSOLUTE
    _printf_pre_padding                      0x00000000   Number         0  stubs.o ABSOLUTE
    _printf_return_value                     0x00000000   Number         0  stubs.o ABSOLUTE
    _printf_s                                0x00000000   Number         0  stubs.o ABSOLUTE
    _printf_sizespec                         0x00000000   Number         0  stubs.o ABSOLUTE
    _printf_str                              0x00000000   Number         0  stubs.o ABSOLUTE
    _printf_truncate_signed                  0x00000000   Number         0  stubs.o ABSOLUTE
    _printf_truncate_unsigned                0x00000000   Number         0  stubs.o ABSOLUTE
    _printf_u                                0x00000000   Number         0  stubs.o ABSOLUTE
    _printf_wc                               0x00000000   Number         0  stubs.o ABSOLUTE
    _printf_wctomb                           0x00000000   Number         0  stubs.o ABSOLUTE
    _printf_widthprec                        0x00000000   Number         0  stubs.o ABSOLUTE
    _printf_x                                0x00000000   Number         0  stubs.o ABSOLUTE
    __cpp_initialize__aeabi_                  - Undefined Weak Reference
    __cxa_finalize                            - Undefined Weak Reference
    _clock_init                               - Undefined Weak Reference
    _microlib_exit                            - Undefined Weak Reference
    __Vectors_Size                           0x00000130   Number         0  startup_stm32f10x_hd.o ABSOLUTE
    __Vectors                                0x08000000   Data           4  startup_stm32f10x_hd.o(RESET)
    __Vectors_End                            0x08000130   Data           0  startup_stm32f10x_hd.o(RESET)
    __main                                   0x08000131   Thumb Code     0  entry.o(.ARM.Collect$$$$00000000)
    _main_stk                                0x08000131   Thumb Code     0  entry2.o(.ARM.Collect$$$$00000001)
    _main_scatterload                        0x08000135   Thumb Code     0  entry5.o(.ARM.Collect$$$$00000004)
    __main_after_scatterload                 0x08000139   Thumb Code     0  entry5.o(.ARM.Collect$$$$00000004)
    _main_clock                              0x08000139   Thumb Code     0  entry7b.o(.ARM.Collect$$$$00000008)
    _main_cpp_init                           0x08000139   Thumb Code     0  entry8b.o(.ARM.Collect$$$$0000000A)
    _main_init                               0x08000139   Thumb Code     0  entry9a.o(.ARM.Collect$$$$0000000B)
    __rt_final_cpp                           0x08000141   Thumb Code     0  entry10a.o(.ARM.Collect$$$$0000000D)
    __rt_final_exit                          0x08000141   Thumb Code     0  entry11a.o(.ARM.Collect$$$$0000000F)
    Reset_Handler                            0x08000145   Thumb Code     8  startup_stm32f10x_hd.o(.text)
    ADC1_2_IRQHandler                        0x0800015f   Thumb Code     0  startup_stm32f10x_hd.o(.text)
    ADC3_IRQHandler                          0x0800015f   Thumb Code     0  startup_stm32f10x_hd.o(.text)
    CAN1_RX1_IRQHandler                      0x0800015f   Thumb Code     0  startup_stm32f10x_hd.o(.text)
    CAN1_SCE_IRQHandler                      0x0800015f   Thumb Code     0  startup_stm32f10x_hd.o(.text)
    DMA1_Channel2_IRQHandler                 0x0800015f   Thumb Code     0  startup_stm32f10x_hd.o(.text)
    DMA1_Channel3_IRQHandler                 0x0800015f   Thumb Code     0  startup_stm32f10x_hd.o(.text)
    DMA1_Channel4_IRQHandler                 0x0800015f   Thumb Code     0  startup_stm32f10x_hd.o(.text)
    DMA1_Channel5_IRQHandler                 0x0800015f   Thumb Code     0  startup_stm32f10x_hd.o(.text)
    DMA1_Channel6_IRQHandler                 0x0800015f   Thumb Code     0  startup_stm32f10x_hd.o(.text)
    DMA1_Channel7_IRQHandler                 0x0800015f   Thumb Code     0  startup_stm32f10x_hd.o(.text)
    DMA2_Channel1_IRQHandler                 0x0800015f   Thumb Code     0  startup_stm32f10x_hd.o(.text)
    DMA2_Channel2_IRQHandler                 0x0800015f   Thumb Code     0  startup_stm32f10x_hd.o(.text)
    DMA2_Channel3_IRQHandler                 0x0800015f   Thumb Code     0  startup_stm32f10x_hd.o(.text)
    DMA2_Channel4_5_IRQHandler               0x0800015f   Thumb Code     0  startup_stm32f10x_hd.o(.text)
    EXTI0_IRQHandler                         0x0800015f   Thumb Code     0  startup_stm32f10x_hd.o(.text)
    EXTI1_IRQHandler                         0x0800015f   Thumb Code     0  startup_stm32f10x_hd.o(.text)
    EXTI2_IRQHandler                         0x0800015f   Thumb Code     0  startup_stm32f10x_hd.o(.text)
    EXTI3_IRQHandler                         0x0800015f   Thumb Code     0  startup_stm32f10x_hd.o(.text)
    EXTI4_IRQHandler                         0x0800015f   Thumb Code     0  startup_stm32f10x_hd.o(.text)
    EXTI9_5_IRQHandler                       0x0800015f   Thumb Code     0  startup_stm32f10x_hd.o(.text)
    FLASH_IRQHandler                         0x0800015f   Thumb Code     0  startup_stm32f10x_hd.o(.text)
    FSMC_IRQHandler                          0x0800015f   Thumb Code     0  startup_stm32f10x_hd.o(.text)
    I2C1_ER_IRQHandler                       0x0800015f   Thumb Code     0  startup_stm32f10x_hd.o(.text)
    I2C1_EV_IRQHandler                       0x0800015f   Thumb Code     0  startup_stm32f10x_hd.o(.text)
    I2C2_ER_IRQHandler                       0x0800015f   Thumb Code     0  startup_stm32f10x_hd.o(.text)
    I2C2_EV_IRQHandler                       0x0800015f   Thumb Code     0  startup_stm32f10x_hd.o(.text)
    PVD_IRQHandler                           0x0800015f   Thumb Code     0  startup_stm32f10x_hd.o(.text)
    RCC_IRQHandler                           0x0800015f   Thumb Code     0  startup_stm32f10x_hd.o(.text)
    RTCAlarm_IRQHandler                      0x0800015f   Thumb Code     0  startup_stm32f10x_hd.o(.text)
    RTC_IRQHandler                           0x0800015f   Thumb Code     0  startup_stm32f10x_hd.o(.text)
    SDIO_IRQHandler                          0x0800015f   Thumb Code     0  startup_stm32f10x_hd.o(.text)
    SPI1_IRQHandler                          0x0800015f   Thumb Code     0  startup_stm32f10x_hd.o(.text)
    SPI2_IRQHandler                          0x0800015f   Thumb Code     0  startup_stm32f10x_hd.o(.text)
    SPI3_IRQHandler                          0x0800015f   Thumb Code     0  startup_stm32f10x_hd.o(.text)
    TAMPER_IRQHandler                        0x0800015f   Thumb Code     0  startup_stm32f10x_hd.o(.text)
    TIM1_BRK_IRQHandler                      0x0800015f   Thumb Code     0  startup_stm32f10x_hd.o(.text)
    TIM1_CC_IRQHandler                       0x0800015f   Thumb Code     0  startup_stm32f10x_hd.o(.text)
    TIM1_TRG_COM_IRQHandler                  0x0800015f   Thumb Code     0  startup_stm32f10x_hd.o(.text)
    TIM1_UP_IRQHandler                       0x0800015f   Thumb Code     0  startup_stm32f10x_hd.o(.text)
    TIM2_IRQHandler                          0x0800015f   Thumb Code     0  startup_stm32f10x_hd.o(.text)
    TIM3_IRQHandler                          0x0800015f   Thumb Code     0  startup_stm32f10x_hd.o(.text)
    TIM4_IRQHandler                          0x0800015f   Thumb Code     0  startup_stm32f10x_hd.o(.text)
    TIM5_IRQHandler                          0x0800015f   Thumb Code     0  startup_stm32f10x_hd.o(.text)
    TIM6_IRQHandler                          0x0800015f   Thumb Code     0  startup_stm32f10x_hd.o(.text)
    TIM7_IRQHandler                          0x0800015f   Thumb Code     0  startup_stm32f10x_hd.o(.text)
    TIM8_BRK_IRQHandler                      0x0800015f   Thumb Code     0  startup_stm32f10x_hd.o(.text)
    TIM8_CC_IRQHandler                       0x0800015f   Thumb Code     0  startup_stm32f10x_hd.o(.text)
    TIM8_TRG_COM_IRQHandler                  0x0800015f   Thumb Code     0  startup_stm32f10x_hd.o(.text)
    TIM8_UP_IRQHandler                       0x0800015f   Thumb Code     0  startup_stm32f10x_hd.o(.text)
    UART4_IRQHandler                         0x0800015f   Thumb Code     0  startup_stm32f10x_hd.o(.text)
    UART5_IRQHandler                         0x0800015f   Thumb Code     0  startup_stm32f10x_hd.o(.text)
    USART3_IRQHandler                        0x0800015f   Thumb Code     0  startup_stm32f10x_hd.o(.text)
    USBWakeUp_IRQHandler                     0x0800015f   Thumb Code     0  startup_stm32f10x_hd.o(.text)
    USB_HP_CAN1_TX_IRQHandler                0x0800015f   Thumb Code     0  startup_stm32f10x_hd.o(.text)
    USB_LP_CAN1_RX0_IRQHandler               0x0800015f   Thumb Code     0  startup_stm32f10x_hd.o(.text)
    WWDG_IRQHandler                          0x0800015f   Thumb Code     0  startup_stm32f10x_hd.o(.text)
    __aeabi_memcpy                           0x08000169   Thumb Code    36  memcpya.o(.text)
    __aeabi_memcpy4                          0x08000169   Thumb Code     0  memcpya.o(.text)
    __aeabi_memcpy8                          0x08000169   Thumb Code     0  memcpya.o(.text)
    __aeabi_memset                           0x0800018d   Thumb Code    14  memseta.o(.text)
    __aeabi_memset4                          0x0800018d   Thumb Code     0  memseta.o(.text)
    __aeabi_memset8                          0x0800018d   Thumb Code     0  memseta.o(.text)
    __aeabi_memclr                           0x0800019b   Thumb Code     4  memseta.o(.text)
    __aeabi_memclr4                          0x0800019b   Thumb Code     0  memseta.o(.text)
    __aeabi_memclr8                          0x0800019b   Thumb Code     0  memseta.o(.text)
    _memset$wrapper                          0x0800019f   Thumb Code    18  memseta.o(.text)
    strstr                                   0x080001b1   Thumb Code    36  strstr.o(.text)
    __aeabi_fadd                             0x080001d5   Thumb Code   164  fadd.o(.text)
    __aeabi_fsub                             0x08000279   Thumb Code     6  fadd.o(.text)
    __aeabi_frsub                            0x0800027f   Thumb Code     6  fadd.o(.text)
    __aeabi_fmul                             0x08000285   Thumb Code   100  fmul.o(.text)
    __aeabi_fdiv                             0x080002e9   Thumb Code   124  fdiv.o(.text)
    __aeabi_dadd                             0x08000365   Thumb Code   322  dadd.o(.text)
    __aeabi_dsub                             0x080004a7   Thumb Code     6  dadd.o(.text)
    __aeabi_drsub                            0x080004ad   Thumb Code     6  dadd.o(.text)
    __aeabi_dmul                             0x080004b3   Thumb Code   228  dmul.o(.text)
    __aeabi_ddiv                             0x08000597   Thumb Code   222  ddiv.o(.text)
    __aeabi_i2f                              0x08000675   Thumb Code    18  fflti.o(.text)
    __aeabi_ui2f                             0x08000687   Thumb Code    10  ffltui.o(.text)
    __aeabi_i2d                              0x08000691   Thumb Code    34  dflti.o(.text)
    __aeabi_f2uiz                            0x080006b3   Thumb Code    40  ffixui.o(.text)
    __aeabi_d2iz                             0x080006db   Thumb Code    62  dfixi.o(.text)
    __aeabi_f2d                              0x08000719   Thumb Code    38  f2d.o(.text)
    __aeabi_cdcmpeq                          0x08000741   Thumb Code     0  cdcmple.o(.text)
    __aeabi_cdcmple                          0x08000741   Thumb Code    48  cdcmple.o(.text)
    __aeabi_d2f                              0x08000771   Thumb Code    56  d2f.o(.text)
    __aeabi_cfcmpeq                          0x080007a9   Thumb Code     0  cfcmple.o(.text)
    __aeabi_cfcmple                          0x080007a9   Thumb Code    20  cfcmple.o(.text)
    __aeabi_cfrcmple                         0x080007bd   Thumb Code    20  cfrcmple.o(.text)
    __aeabi_uidiv                            0x080007d1   Thumb Code     0  uidiv.o(.text)
    __aeabi_uidivmod                         0x080007d1   Thumb Code    44  uidiv.o(.text)
    __aeabi_uldivmod                         0x080007fd   Thumb Code    98  uldiv.o(.text)
    __aeabi_llsl                             0x0800085f   Thumb Code    30  llshl.o(.text)
    _ll_shift_l                              0x0800085f   Thumb Code     0  llshl.o(.text)
    __aeabi_llsr                             0x0800087d   Thumb Code    32  llushr.o(.text)
    _ll_ushift_r                             0x0800087d   Thumb Code     0  llushr.o(.text)
    __aeabi_lasr                             0x0800089d   Thumb Code    36  llsshr.o(.text)
    _ll_sshift_r                             0x0800089d   Thumb Code     0  llsshr.o(.text)
    __I$use$fp                               0x080008c1   Thumb Code     0  iusefp.o(.text)
    _float_round                             0x080008c1   Thumb Code    18  fepilogue.o(.text)
    _float_epilogue                          0x080008d3   Thumb Code    92  fepilogue.o(.text)
    _double_round                            0x0800092f   Thumb Code    30  depilogue.o(.text)
    _double_epilogue                         0x0800094d   Thumb Code   156  depilogue.o(.text)
    __ARM_scalbn                             0x080009e9   Thumb Code    46  dscalb.o(.text)
    scalbn                                   0x080009e9   Thumb Code     0  dscalb.o(.text)
    __aeabi_d2ulz                            0x08000a17   Thumb Code    48  dfixul.o(.text)
    __aeabi_cdrcmple                         0x08000a49   Thumb Code    48  cdrcmple.o(.text)
    __scatterload                            0x08000a79   Thumb Code    28  init.o(.text)
    __scatterload_rt2                        0x08000a79   Thumb Code     0  init.o(.text)
    _dsqrt                                   0x08000a9d   Thumb Code   162  dsqrt.o(.text)
    __decompress                             0x08000b3f   Thumb Code     0  __dczerorl2.o(.text)
    __decompress1                            0x08000b3f   Thumb Code    86  __dczerorl2.o(.text)
    ADC_All_Init                             0x08000b95   Thumb Code    16  adc.o(i.ADC_All_Init)
    ADC_Cmd                                  0x08000ba5   Thumb Code    22  stm32f10x_adc.o(i.ADC_Cmd)
    ADC_DMACmd                               0x08000bbb   Thumb Code    22  stm32f10x_adc.o(i.ADC_DMACmd)
    ADC_DeInit                               0x08000bd1   Thumb Code    78  stm32f10x_adc.o(i.ADC_DeInit)
    ADC_GetCalibrationStatus                 0x08000c51   Thumb Code    20  stm32f10x_adc.o(i.ADC_GetCalibrationStatus)
    ADC_GetResetCalibrationStatus            0x08000c65   Thumb Code    20  stm32f10x_adc.o(i.ADC_GetResetCalibrationStatus)
    ADC_Init                                 0x08000c79   Thumb Code    70  stm32f10x_adc.o(i.ADC_Init)
    ADC_RegularChannelConfig                 0x08000d59   Thumb Code   184  stm32f10x_adc.o(i.ADC_RegularChannelConfig)
    ADC_ResetCalibration                     0x08000e11   Thumb Code    10  stm32f10x_adc.o(i.ADC_ResetCalibration)
    ADC_SoftwareStartConvCmd                 0x08000e1b   Thumb Code    22  stm32f10x_adc.o(i.ADC_SoftwareStartConvCmd)
    ADC_StartCalibration                     0x08000e31   Thumb Code    10  stm32f10x_adc.o(i.ADC_StartCalibration)
    ADC_cal_aveg                             0x08000e3d   Thumb Code    46  adc.o(i.ADC_cal_aveg)
    Beep_Init                                0x08000ea1   Thumb Code    50  beep.o(i.Beep_Init)
    Beep_Warning                             0x08000ed9   Thumb Code    50  beep.o(i.Beep_Warning)
    BusFault_Handler                         0x08000f11   Thumb Code     4  stm32f10x_it.o(i.BusFault_Handler)
    CS1237_Init                              0x08000f41   Thumb Code    68  cs1237.o(i.CS1237_Init)
    CS1237_Power_Down                        0x08000fc1   Thumb Code    36  cs1237.o(i.CS1237_Power_Down)
    CS1237_Read_18bit_ADC                    0x08000fe9   Thumb Code    86  cs1237.o(i.CS1237_Read_18bit_ADC)
    CS1237_Read_ADC                          0x08001059   Thumb Code   176  cs1237.o(i.CS1237_Read_ADC)
    CS1237_Read_Config                       0x0800110d   Thumb Code   456  cs1237.o(i.CS1237_Read_Config)
    CS1237_Restart                           0x080012d9   Thumb Code    20  cs1237.o(i.CS1237_Restart)
    CS1237_Write_Config                      0x080012f1   Thumb Code   480  cs1237.o(i.CS1237_Write_Config)
    DMA1_Channel1_IRQHandler                 0x080015cd   Thumb Code    22  adc.o(i.DMA1_Channel1_IRQHandler)
    DMA_ClearITPendingBit                    0x080015e5   Thumb Code    18  stm32f10x_dma.o(i.DMA_ClearITPendingBit)
    DMA_Cmd                                  0x08001601   Thumb Code    24  stm32f10x_dma.o(i.DMA_Cmd)
    DMA_DeInit                               0x080016a5   Thumb Code   324  stm32f10x_dma.o(i.DMA_DeInit)
    DMA_GetCurrDataCounter                   0x080017f1   Thumb Code     8  stm32f10x_dma.o(i.DMA_GetCurrDataCounter)
    DMA_GetITStatus                          0x080017f9   Thumb Code    36  stm32f10x_dma.o(i.DMA_GetITStatus)
    DMA_ITConfig                             0x08001825   Thumb Code    18  stm32f10x_dma.o(i.DMA_ITConfig)
    DMA_Init                                 0x08001837   Thumb Code    60  stm32f10x_dma.o(i.DMA_Init)
    DMA_SetCurrDataCounter                   0x08001873   Thumb Code     4  stm32f10x_dma.o(i.DMA_SetCurrDataCounter)
    DS1302_Init                              0x080018dd   Thumb Code    34  ds1302.o(i.DS1302_Init)
    DS1302_ReadTime                          0x080019e5   Thumb Code    26  ds1302.o(i.DS1302_ReadTime)
    DebugMon_Handler                         0x08001a87   Thumb Code     2  stm32f10x_it.o(i.DebugMon_Handler)
    Delay_ms                                 0x08001a89   Thumb Code    20  delay.o(i.Delay_ms)
    Display_Real_Time                        0x08001a9d   Thumb Code   242  ds1302.o(i.Display_Real_Time)
    ESP8266_Cmd                              0x08001b99   Thumb Code   156  client.o(i.ESP8266_Cmd)
    ESP8266_Init                             0x08001c45   Thumb Code    16  usart2.o(i.ESP8266_Init)
    ESP8266_JoinAP                           0x08001c55   Thumb Code    38  client.o(i.ESP8266_JoinAP)
    ESP8266_Keep_Linking                     0x08001c95   Thumb Code    24  client.o(i.ESP8266_Keep_Linking)
    ESP8266_Link_Server                      0x08001cb1   Thumb Code   110  client.o(i.ESP8266_Link_Server)
    ESP8266_Link_WIFI                        0x08001d71   Thumb Code   200  client.o(i.ESP8266_Link_WIFI)
    ESP8266_Net_Mode_Choose                  0x08001f09   Thumb Code    68  client.o(i.ESP8266_Net_Mode_Choose)
    ESP8266_SendString                       0x08001f81   Thumb Code   102  client.o(i.ESP8266_SendString)
    ESP8266_UnvarnishSend                    0x08002021   Thumb Code    38  client.o(i.ESP8266_UnvarnishSend)
    ESP8266_Update_Data                      0x0800206d   Thumb Code   114  client.o(i.ESP8266_Update_Data)
    EXTI15_10_IRQHandler                     0x08002121   Thumb Code    56  key.o(i.EXTI15_10_IRQHandler)
    EXTI_ClearITPendingBit                   0x0800215d   Thumb Code     6  stm32f10x_exti.o(i.EXTI_ClearITPendingBit)
    EXTI_GetITStatus                         0x08002169   Thumb Code    34  stm32f10x_exti.o(i.EXTI_GetITStatus)
    EXTI_Init                                0x08002191   Thumb Code   142  stm32f10x_exti.o(i.EXTI_Init)
    GPIO_EXTILineConfig                      0x08002225   Thumb Code    60  stm32f10x_gpio.o(i.GPIO_EXTILineConfig)
    GPIO_Init                                0x08002265   Thumb Code   278  stm32f10x_gpio.o(i.GPIO_Init)
    GPIO_ReadInputDataBit                    0x0800237b   Thumb Code    18  stm32f10x_gpio.o(i.GPIO_ReadInputDataBit)
    GPIO_ResetBits                           0x0800238d   Thumb Code     4  stm32f10x_gpio.o(i.GPIO_ResetBits)
    GPIO_SetBits                             0x08002391   Thumb Code     4  stm32f10x_gpio.o(i.GPIO_SetBits)
    Get_Weight                               0x08002395   Thumb Code   254  balance.o(i.Get_Weight)
    Get_Weight_Coe                           0x080024c5   Thumb Code    54  balance.o(i.Get_Weight_Coe)
    HMI_Receive                              0x08002505   Thumb Code   762  hmi.o(i.HMI_Receive)
    HMI_Send_Start                           0x0800287d   Thumb Code    22  hmi.o(i.HMI_Send_Start)
    HMI_Send_String                          0x08002899   Thumb Code   108  hmi.o(i.HMI_Send_String)
    HMI_Sleep_Mode                           0x08002911   Thumb Code    32  hmi.o(i.HMI_Sleep_Mode)
    HMI_Unsleep_Mode                         0x08002939   Thumb Code    32  hmi.o(i.HMI_Unsleep_Mode)
    HardFault_Handler                        0x08002961   Thumb Code     4  stm32f10x_it.o(i.HardFault_Handler)
    Key_Init                                 0x08002965   Thumb Code   126  key.o(i.Key_Init)
    LED1_Twinkling                           0x080029e9   Thumb Code    52  led.o(i.LED1_Twinkling)
    LED2_Twinkling                           0x08002a21   Thumb Code    52  led.o(i.LED2_Twinkling)
    LED_Init                                 0x08002a59   Thumb Code    50  led.o(i.LED_Init)
    LED_Start                                0x08002a91   Thumb Code    50  led.o(i.LED_Start)
    Least_Square                             0x08002ac9   Thumb Code   344  least_square.o(i.Least_Square)
    Low_Power_Mode                           0x08002c35   Thumb Code    32  power.o(i.Low_Power_Mode)
    MemManage_Handler                        0x08002c55   Thumb Code     4  stm32f10x_it.o(i.MemManage_Handler)
    NMI_Handler                              0x08002c59   Thumb Code     2  stm32f10x_it.o(i.NMI_Handler)
    NVIC_Init                                0x08002c5d   Thumb Code   100  misc.o(i.NVIC_Init)
    NVIC_PriorityGroupConfig                 0x08002ccd   Thumb Code    10  misc.o(i.NVIC_PriorityGroupConfig)
    OLED_Clear                               0x08002ce1   Thumb Code    68  oled.o(i.OLED_Clear)
    OLED_Coord                               0x08002d25   Thumb Code    46  oled.o(i.OLED_Coord)
    OLED_Display_Off                         0x08002d53   Thumb Code    28  oled.o(i.OLED_Display_Off)
    OLED_Display_On                          0x08002d6f   Thumb Code    28  oled.o(i.OLED_Display_On)
    OLED_Init                                0x08002dc5   Thumb Code   288  oled.o(i.OLED_Init)
    OLED_ShowChar                            0x08002ee9   Thumb Code   106  oled.o(i.OLED_ShowChar)
    OLED_Show_16X32_Num                      0x08002f59   Thumb Code   196  oled.o(i.OLED_Show_16X32_Num)
    OLED_Show_Battery                        0x08003021   Thumb Code    52  battery.o(i.OLED_Show_Battery)
    OLED_Show_Big_Time                       0x08003059   Thumb Code    72  oled.o(i.OLED_Show_Big_Time)
    OLED_Show_RealTime_Battery               0x080030a1   Thumb Code    60  battery.o(i.OLED_Show_RealTime_Battery)
    OLED_Show_String                         0x080030e5   Thumb Code    54  oled.o(i.OLED_Show_String)
    PWR_EnterSTOPMode                        0x08003145   Thumb Code    54  stm32f10x_pwr.o(i.PWR_EnterSTOPMode)
    PendSV_Handler                           0x08003185   Thumb Code     2  stm32f10x_it.o(i.PendSV_Handler)
    RCC_ADCCLKConfig                         0x08003189   Thumb Code    18  stm32f10x_rcc.o(i.RCC_ADCCLKConfig)
    RCC_AHBPeriphClockCmd                    0x080031a1   Thumb Code    26  stm32f10x_rcc.o(i.RCC_AHBPeriphClockCmd)
    RCC_APB1PeriphClockCmd                   0x080031c1   Thumb Code    26  stm32f10x_rcc.o(i.RCC_APB1PeriphClockCmd)
    RCC_APB1PeriphResetCmd                   0x080031e1   Thumb Code    26  stm32f10x_rcc.o(i.RCC_APB1PeriphResetCmd)
    RCC_APB2PeriphClockCmd                   0x08003201   Thumb Code    26  stm32f10x_rcc.o(i.RCC_APB2PeriphClockCmd)
    RCC_APB2PeriphResetCmd                   0x08003221   Thumb Code    26  stm32f10x_rcc.o(i.RCC_APB2PeriphResetCmd)
    RCC_GetClocksFreq                        0x08003241   Thumb Code   192  stm32f10x_rcc.o(i.RCC_GetClocksFreq)
    RCC_GetFlagStatus                        0x08003315   Thumb Code    56  stm32f10x_rcc.o(i.RCC_GetFlagStatus)
    RCC_GetSYSCLKSource                      0x08003351   Thumb Code    10  stm32f10x_rcc.o(i.RCC_GetSYSCLKSource)
    RCC_HSEConfig                            0x08003361   Thumb Code    70  stm32f10x_rcc.o(i.RCC_HSEConfig)
    RCC_PLLCmd                               0x080033ad   Thumb Code     6  stm32f10x_rcc.o(i.RCC_PLLCmd)
    RCC_SYSCLKConfig                         0x080033b9   Thumb Code    18  stm32f10x_rcc.o(i.RCC_SYSCLKConfig)
    RCC_WaitForHSEStartUp                    0x080033d1   Thumb Code    56  stm32f10x_rcc.o(i.RCC_WaitForHSEStartUp)
    Restart_From_Low_Power                   0x08003409   Thumb Code    66  power.o(i.Restart_From_Low_Power)
    SPI_Write                                0x0800344d   Thumb Code   118  oled.o(i.SPI_Write)
    SVC_Handler                              0x080034c9   Thumb Code     2  stm32f10x_it.o(i.SVC_Handler)
    SysTick_Handler                          0x080035b5   Thumb Code     2  stm32f10x_it.o(i.SysTick_Handler)
    SystemInit                               0x080035b9   Thumb Code    78  system_stm32f10x.o(i.SystemInit)
    USART1_IRQHandler                        0x08003619   Thumb Code    72  usart1.o(i.USART1_IRQHandler)
    USART2_IRQHandler                        0x08003671   Thumb Code   208  usart2.o(i.USART2_IRQHandler)
    USART2_printf                            0x08003751   Thumb Code   262  usart2printf.o(i.USART2_printf)
    USART_1_Init                             0x08003859   Thumb Code   158  usart1.o(i.USART_1_Init)
    USART_ClearFlag                          0x08003901   Thumb Code    18  stm32f10x_usart.o(i.USART_ClearFlag)
    USART_Cmd                                0x08003913   Thumb Code    24  stm32f10x_usart.o(i.USART_Cmd)
    USART_DMACmd                             0x0800392b   Thumb Code    18  stm32f10x_usart.o(i.USART_DMACmd)
    USART_DMA_Receive                        0x0800393d   Thumb Code    64  usart1.o(i.USART_DMA_Receive)
    USART_DeInit                             0x0800398d   Thumb Code   134  stm32f10x_usart.o(i.USART_DeInit)
    USART_GetFlagStatus                      0x08003a29   Thumb Code    26  stm32f10x_usart.o(i.USART_GetFlagStatus)
    USART_GetITStatus                        0x08003a43   Thumb Code    84  stm32f10x_usart.o(i.USART_GetITStatus)
    USART_ITConfig                           0x08003a97   Thumb Code    74  stm32f10x_usart.o(i.USART_ITConfig)
    USART_Init                               0x08003ae1   Thumb Code   210  stm32f10x_usart.o(i.USART_Init)
    USART_ReceiveData                        0x08003c31   Thumb Code    10  stm32f10x_usart.o(i.USART_ReceiveData)
    USART_SendData                           0x08003c3b   Thumb Code     8  stm32f10x_usart.o(i.USART_SendData)
    UsageFault_Handler                       0x08003c43   Thumb Code     4  stm32f10x_it.o(i.UsageFault_Handler)
    Usart2_Configuration                     0x08003c49   Thumb Code   126  usart2.o(i.Usart2_Configuration)
    Usart2_GPIO_Init                         0x08003ccd   Thumb Code    66  usart2.o(i.Usart2_GPIO_Init)
    __0printf                                0x08003d15   Thumb Code    22  printfa.o(i.__0printf)
    __1printf                                0x08003d15   Thumb Code     0  printfa.o(i.__0printf)
    __2printf                                0x08003d15   Thumb Code     0  printfa.o(i.__0printf)
    __c89printf                              0x08003d15   Thumb Code     0  printfa.o(i.__0printf)
    printf                                   0x08003d15   Thumb Code     0  printfa.o(i.__0printf)
    __0sprintf                               0x08003d35   Thumb Code    34  printfa.o(i.__0sprintf)
    __1sprintf                               0x08003d35   Thumb Code     0  printfa.o(i.__0sprintf)
    __2sprintf                               0x08003d35   Thumb Code     0  printfa.o(i.__0sprintf)
    __c89sprintf                             0x08003d35   Thumb Code     0  printfa.o(i.__0sprintf)
    sprintf                                  0x08003d35   Thumb Code     0  printfa.o(i.__0sprintf)
    __ARM_fpclassify                         0x08003d5d   Thumb Code    40  fpclassify.o(i.__ARM_fpclassify)
    __kernel_poly                            0x08003d85   Thumb Code   170  poly.o(i.__kernel_poly)
    __mathlib_dbl_divzero                    0x08003e31   Thumb Code    12  dunder.o(i.__mathlib_dbl_divzero)
    __mathlib_dbl_infnan2                    0x08003e41   Thumb Code     4  dunder.o(i.__mathlib_dbl_infnan2)
    __mathlib_dbl_invalid                    0x08003e45   Thumb Code    12  dunder.o(i.__mathlib_dbl_invalid)
    __mathlib_dbl_overflow                   0x08003e51   Thumb Code    14  dunder.o(i.__mathlib_dbl_overflow)
    __mathlib_dbl_underflow                  0x08003e61   Thumb Code    10  dunder.o(i.__mathlib_dbl_underflow)
    __scatterload_copy                       0x08003e71   Thumb Code    14  handlers.o(i.__scatterload_copy)
    __scatterload_null                       0x08003e7f   Thumb Code     2  handlers.o(i.__scatterload_null)
    __scatterload_zeroinit                   0x08003e81   Thumb Code    14  handlers.o(i.__scatterload_zeroinit)
    __set_errno                              0x08003e91   Thumb Code     6  errno.o(i.__set_errno)
    filter_eliminate_dithering               0x08004739   Thumb Code    40  filter.o(i.filter_eliminate_dithering)
    fputc                                    0x08004761   Thumb Code    32  usart1.o(i.fputc)
    main                                     0x080047e9   Thumb Code   478  main.o(i.main)
    pow                                      0x08004a9d   Thumb Code  2478  pow.o(i.pow)
    remove_empty_weight                      0x08005455   Thumb Code    72  balance.o(i.remove_empty_weight)
    sqrt                                     0x080054ad   Thumb Code    76  sqrt.o(i.sqrt)
    F6x8                                     0x080054f8   Data         552  word.o(.constdata)
    F8X16                                    0x08005720   Data        1520  word.o(.constdata)
    F16X32                                   0x08005d10   Data         748  word.o(.constdata)
    Hzk                                      0x08005ffc   Data         704  word.o(.constdata)
    qianshuai                                0x080062bc   Data         192  word.o(.constdata)
    BMP                                      0x0800637c   Data         238  word.o(.constdata)
    __mathlib_zero                           0x080064f8   Data           8  qnan.o(.constdata)
    Region$$Table$$Base                      0x08006544   Number         0  anon$$obj.o(Region$$Table)
    Region$$Table$$Limit                     0x08006564   Number         0  anon$$obj.o(Region$$Table)
    now_weight                               0x20000000   Data           4  main.o(.data)
    price                                    0x20000004   Data           4  main.o(.data)
    money                                    0x20000008   Data           4  main.o(.data)
    add_money                                0x2000000c   Data           4  main.o(.data)
    low_power_weight_1                       0x20000010   Data           4  main.o(.data)
    low_power_weight_2                       0x20000014   Data           4  main.o(.data)
    low_power_num                            0x20000018   Data           1  main.o(.data)
    start_linking                            0x20000019   Data           1  main.o(.data)
    main_loop_num                            0x2000001a   Data           1  main.o(.data)
    Weight_Coe_100g                          0x2000001c   Data           4  balance.o(.data)
    empty_coe                                0x20000020   Data           4  balance.o(.data)
    ADC_LAST                                 0x20000028   Data           4  cs1237.o(.data)
    ADC_NOW                                  0x2000002c   Data           4  cs1237.o(.data)
    money_num                                0x20000030   Data           1  hmi.o(.data)
    start_dynamic_calibration                0x20000031   Data           1  hmi.o(.data)
    ensure_dynamic_calibration               0x20000032   Data           1  hmi.o(.data)
    TIME                                     0x20000034   Data           7  ds1302.o(.data)
    init_time                                0x2000003b   Data           7  ds1302.o(.data)
    after_filter                             0x20000042   Data           2  adc.o(.data)
    DMA_Receive_LEN                          0x20000044   Data           1  usart1.o(.data)
    Tx_Counter                               0x20000045   Data           1  usart1.o(.data)
    Tx_Counter_Temp                          0x20000046   Data           1  usart1.o(.data)
    Rx_Counter                               0x20000047   Data           1  usart1.o(.data)
    receive_flag                             0x20000048   Data           1  usart2.o(.data)
    ucTcpClosedFlag                          0x20000049   Data           1  client.o(.data)
    userkey                                  0x2000004a   Data         100  client.o(.data)
    value_common                             0x200000ae   Data         100  client.o(.data)
    num_count                                0x20000114   Data           1  least_square.o(.data)
    y_value                                  0x20000118   Data         400  least_square.o(.data)
    __stdout                                 0x200002bc   Data           4  stdout.o(.data)
    string_buf                               0x200002c4   Data          50  main.o(.bss)
    money_buf                                0x200002f8   Data          40  hmi.o(.bss)
    AD_value                                 0x20000320   Data          60  adc.o(.bss)
    USART_RX_Buf                             0x2000035c   Data          20  usart1.o(.bss)
    Tx_Buffer                                0x20000370   Data         256  usart1.o(.bss)
    Rx_Buffer                                0x20000470   Data          50  usart1.o(.bss)
    data_to_send                             0x200004a2   Data          50  usart1.o(.bss)
    CmdRx_Buffer                             0x200004d4   Data          50  usart1.o(.bss)
    receive_buf                              0x20000506   Data         150  usart2.o(.bss)
    strEsp8266_Fram_Record                   0x2000059c   Data         502  client.o(.bss)
    x_value                                  0x20000794   Data         400  least_square.o(.bss)
    __initial_sp                             0x20000d28   Data           0  startup_stm32f10x_hd.o(STACK)



==============================================================================

Memory Map of the image

  Image Entry point : 0x08000131

  Load Region LR_IROM1 (Base: 0x08000000, Size: 0x00006828, Max: 0x00010000, ABSOLUTE, COMPRESSED[0x00006628])

    Execution Region ER_IROM1 (Base: 0x08000000, Size: 0x00006564, Max: 0x00010000, ABSOLUTE)

    Base Addr    Size         Type   Attr      Idx    E Section Name        Object

    0x08000000   0x00000130   Data   RO         1096    RESET               startup_stm32f10x_hd.o
    0x08000130   0x00000000   Code   RO         2430  * .ARM.Collect$$$$00000000  mc_w.l(entry.o)
    0x08000130   0x00000004   Code   RO         2761    .ARM.Collect$$$$00000001  mc_w.l(entry2.o)
    0x08000134   0x00000004   Code   RO         2764    .ARM.Collect$$$$00000004  mc_w.l(entry5.o)
    0x08000138   0x00000000   Code   RO         2766    .ARM.Collect$$$$00000008  mc_w.l(entry7b.o)
    0x08000138   0x00000000   Code   RO         2768    .ARM.Collect$$$$0000000A  mc_w.l(entry8b.o)
    0x08000138   0x00000008   Code   RO         2769    .ARM.Collect$$$$0000000B  mc_w.l(entry9a.o)
    0x08000140   0x00000000   Code   RO         2771    .ARM.Collect$$$$0000000D  mc_w.l(entry10a.o)
    0x08000140   0x00000000   Code   RO         2773    .ARM.Collect$$$$0000000F  mc_w.l(entry11a.o)
    0x08000140   0x00000004   Code   RO         2762    .ARM.Collect$$$$00002712  mc_w.l(entry2.o)
    0x08000144   0x00000024   Code   RO         1097    .text               startup_stm32f10x_hd.o
    0x08000168   0x00000024   Code   RO         2433    .text               mc_w.l(memcpya.o)
    0x0800018c   0x00000024   Code   RO         2435    .text               mc_w.l(memseta.o)
    0x080001b0   0x00000024   Code   RO         2437    .text               mc_w.l(strstr.o)
    0x080001d4   0x000000b0   Code   RO         2702    .text               mf_w.l(fadd.o)
    0x08000284   0x00000064   Code   RO         2704    .text               mf_w.l(fmul.o)
    0x080002e8   0x0000007c   Code   RO         2706    .text               mf_w.l(fdiv.o)
    0x08000364   0x0000014e   Code   RO         2708    .text               mf_w.l(dadd.o)
    0x080004b2   0x000000e4   Code   RO         2710    .text               mf_w.l(dmul.o)
    0x08000596   0x000000de   Code   RO         2712    .text               mf_w.l(ddiv.o)
    0x08000674   0x00000012   Code   RO         2714    .text               mf_w.l(fflti.o)
    0x08000686   0x0000000a   Code   RO         2716    .text               mf_w.l(ffltui.o)
    0x08000690   0x00000022   Code   RO         2718    .text               mf_w.l(dflti.o)
    0x080006b2   0x00000028   Code   RO         2720    .text               mf_w.l(ffixui.o)
    0x080006da   0x0000003e   Code   RO         2722    .text               mf_w.l(dfixi.o)
    0x08000718   0x00000026   Code   RO         2724    .text               mf_w.l(f2d.o)
    0x0800073e   0x00000002   PAD
    0x08000740   0x00000030   Code   RO         2726    .text               mf_w.l(cdcmple.o)
    0x08000770   0x00000038   Code   RO         2728    .text               mf_w.l(d2f.o)
    0x080007a8   0x00000014   Code   RO         2730    .text               mf_w.l(cfcmple.o)
    0x080007bc   0x00000014   Code   RO         2732    .text               mf_w.l(cfrcmple.o)
    0x080007d0   0x0000002c   Code   RO         2776    .text               mc_w.l(uidiv.o)
    0x080007fc   0x00000062   Code   RO         2778    .text               mc_w.l(uldiv.o)
    0x0800085e   0x0000001e   Code   RO         2780    .text               mc_w.l(llshl.o)
    0x0800087c   0x00000020   Code   RO         2782    .text               mc_w.l(llushr.o)
    0x0800089c   0x00000024   Code   RO         2784    .text               mc_w.l(llsshr.o)
    0x080008c0   0x00000000   Code   RO         2793    .text               mc_w.l(iusefp.o)
    0x080008c0   0x0000006e   Code   RO         2794    .text               mf_w.l(fepilogue.o)
    0x0800092e   0x000000ba   Code   RO         2796    .text               mf_w.l(depilogue.o)
    0x080009e8   0x0000002e   Code   RO         2798    .text               mf_w.l(dscalb.o)
    0x08000a16   0x00000030   Code   RO         2800    .text               mf_w.l(dfixul.o)
    0x08000a46   0x00000002   PAD
    0x08000a48   0x00000030   Code   RO         2802    .text               mf_w.l(cdrcmple.o)
    0x08000a78   0x00000024   Code   RO         2804    .text               mc_w.l(init.o)
    0x08000a9c   0x000000a2   Code   RO         2806    .text               mf_w.l(dsqrt.o)
    0x08000b3e   0x00000056   Code   RO         2816    .text               mc_w.l(__dczerorl2.o)
    0x08000b94   0x00000010   Code   RO          612    i.ADC_All_Init      adc.o
    0x08000ba4   0x00000016   Code   RO         2030    i.ADC_Cmd           stm32f10x_adc.o
    0x08000bba   0x00000016   Code   RO         2031    i.ADC_DMACmd        stm32f10x_adc.o
    0x08000bd0   0x0000005c   Code   RO         2032    i.ADC_DeInit        stm32f10x_adc.o
    0x08000c2c   0x00000024   Code   RO          613    i.ADC_GPIO_Init     adc.o
    0x08000c50   0x00000014   Code   RO         2038    i.ADC_GetCalibrationStatus  stm32f10x_adc.o
    0x08000c64   0x00000014   Code   RO         2044    i.ADC_GetResetCalibrationStatus  stm32f10x_adc.o
    0x08000c78   0x00000050   Code   RO         2048    i.ADC_Init          stm32f10x_adc.o
    0x08000cc8   0x00000090   Code   RO          614    i.ADC_Mode_Config   adc.o
    0x08000d58   0x000000b8   Code   RO         2052    i.ADC_RegularChannelConfig  stm32f10x_adc.o
    0x08000e10   0x0000000a   Code   RO         2053    i.ADC_ResetCalibration  stm32f10x_adc.o
    0x08000e1a   0x00000016   Code   RO         2055    i.ADC_SoftwareStartConvCmd  stm32f10x_adc.o
    0x08000e30   0x0000000a   Code   RO         2057    i.ADC_StartCalibration  stm32f10x_adc.o
    0x08000e3a   0x00000002   PAD
    0x08000e3c   0x00000038   Code   RO          615    i.ADC_cal_aveg      adc.o
    0x08000e74   0x0000002c   Code   RO          616    i.ADC_filter        adc.o
    0x08000ea0   0x00000038   Code   RO          302    i.Beep_Init         beep.o
    0x08000ed8   0x00000038   Code   RO          303    i.Beep_Warning      beep.o
    0x08000f10   0x00000004   Code   RO          969    i.BusFault_Handler  stm32f10x_it.o
    0x08000f14   0x0000002c   Code   RO          206    i.CS1237_GPIO_Init  cs1237.o
    0x08000f40   0x00000080   Code   RO          207    i.CS1237_Init       cs1237.o
    0x08000fc0   0x00000028   Code   RO          208    i.CS1237_Power_Down  cs1237.o
    0x08000fe8   0x00000070   Code   RO          209    i.CS1237_Read_18bit_ADC  cs1237.o
    0x08001058   0x000000b4   Code   RO          210    i.CS1237_Read_ADC   cs1237.o
    0x0800110c   0x000001cc   Code   RO          211    i.CS1237_Read_Config  cs1237.o
    0x080012d8   0x00000018   Code   RO          212    i.CS1237_Restart    cs1237.o
    0x080012f0   0x000001e4   Code   RO          213    i.CS1237_Write_Config  cs1237.o
    0x080014d4   0x00000014   Code   RO          214    i.CS1237_delay_ms   cs1237.o
    0x080014e8   0x0000000e   Code   RO          215    i.CS1237_delay_us   cs1237.o
    0x080014f6   0x00000002   PAD
    0x080014f8   0x000000d4   Code   RO          170    i.Choose_Coe        balance.o
    0x080015cc   0x00000016   Code   RO          617    i.DMA1_Channel1_IRQHandler  adc.o
    0x080015e2   0x00000002   PAD
    0x080015e4   0x0000001c   Code   RO         1893    i.DMA_ClearITPendingBit  stm32f10x_dma.o
    0x08001600   0x00000018   Code   RO         1894    i.DMA_Cmd           stm32f10x_dma.o
    0x08001618   0x0000008c   Code   RO          618    i.DMA_Configuration  adc.o
    0x080016a4   0x0000014c   Code   RO         1895    i.DMA_DeInit        stm32f10x_dma.o
    0x080017f0   0x00000008   Code   RO         1896    i.DMA_GetCurrDataCounter  stm32f10x_dma.o
    0x080017f8   0x0000002c   Code   RO         1898    i.DMA_GetITStatus   stm32f10x_dma.o
    0x08001824   0x00000012   Code   RO         1899    i.DMA_ITConfig      stm32f10x_dma.o
    0x08001836   0x0000003c   Code   RO         1900    i.DMA_Init          stm32f10x_dma.o
    0x08001872   0x00000004   Code   RO         1901    i.DMA_SetCurrDataCounter  stm32f10x_dma.o
    0x08001876   0x00000002   PAD
    0x08001878   0x00000020   Code   RO          699    i.DMA_Start         usart1.o
    0x08001898   0x00000044   Code   RO          409    i.DS1302_GPIO_Init  ds1302.o
    0x080018dc   0x0000002c   Code   RO          410    i.DS1302_Init       ds1302.o
    0x08001908   0x0000005c   Code   RO          411    i.DS1302_ReadByte   ds1302.o
    0x08001964   0x00000080   Code   RO          412    i.DS1302_ReadData   ds1302.o
    0x080019e4   0x00000020   Code   RO          413    i.DS1302_ReadTime   ds1302.o
    0x08001a04   0x00000064   Code   RO          414    i.DS1302_WriteByte  ds1302.o
    0x08001a68   0x0000001e   Code   RO          416    i.DS1302_delay_us   ds1302.o
    0x08001a86   0x00000002   Code   RO          970    i.DebugMon_Handler  stm32f10x_it.o
    0x08001a88   0x00000014   Code   RO          913    i.Delay_ms          delay.o
    0x08001a9c   0x000000fc   Code   RO          417    i.Display_Real_Time  ds1302.o
    0x08001b98   0x000000ac   Code   RO          796    i.ESP8266_Cmd       client.o
    0x08001c44   0x00000010   Code   RO          757    i.ESP8266_Init      usart2.o
    0x08001c54   0x00000040   Code   RO          798    i.ESP8266_JoinAP    client.o
    0x08001c94   0x0000001c   Code   RO          799    i.ESP8266_Keep_Linking  client.o
    0x08001cb0   0x000000c0   Code   RO          800    i.ESP8266_Link_Server  client.o
    0x08001d70   0x00000198   Code   RO          801    i.ESP8266_Link_WIFI  client.o
    0x08001f08   0x00000078   Code   RO          802    i.ESP8266_Net_Mode_Choose  client.o
    0x08001f80   0x000000a0   Code   RO          803    i.ESP8266_SendString  client.o
    0x08002020   0x0000004c   Code   RO          806    i.ESP8266_UnvarnishSend  client.o
    0x0800206c   0x000000b4   Code   RO          807    i.ESP8266_Update_Data  client.o
    0x08002120   0x0000003c   Code   RO          152    i.EXTI15_10_IRQHandler  key.o
    0x0800215c   0x0000000c   Code   RO         1839    i.EXTI_ClearITPendingBit  stm32f10x_exti.o
    0x08002168   0x00000028   Code   RO         1843    i.EXTI_GetITStatus  stm32f10x_exti.o
    0x08002190   0x00000094   Code   RO         1844    i.EXTI_Init         stm32f10x_exti.o
    0x08002224   0x00000040   Code   RO         1140    i.GPIO_EXTILineConfig  stm32f10x_gpio.o
    0x08002264   0x00000116   Code   RO         1143    i.GPIO_Init         stm32f10x_gpio.o
    0x0800237a   0x00000012   Code   RO         1147    i.GPIO_ReadInputDataBit  stm32f10x_gpio.o
    0x0800238c   0x00000004   Code   RO         1150    i.GPIO_ResetBits    stm32f10x_gpio.o
    0x08002390   0x00000004   Code   RO         1151    i.GPIO_SetBits      stm32f10x_gpio.o
    0x08002394   0x00000130   Code   RO          171    i.Get_Weight        balance.o
    0x080024c4   0x00000040   Code   RO          172    i.Get_Weight_Coe    balance.o
    0x08002504   0x00000378   Code   RO          320    i.HMI_Receive       hmi.o
    0x0800287c   0x0000001c   Code   RO          321    i.HMI_Send_Start    hmi.o
    0x08002898   0x00000078   Code   RO          322    i.HMI_Send_String   hmi.o
    0x08002910   0x00000028   Code   RO          323    i.HMI_Sleep_Mode    hmi.o
    0x08002938   0x00000028   Code   RO          324    i.HMI_Unsleep_Mode  hmi.o
    0x08002960   0x00000004   Code   RO          971    i.HardFault_Handler  stm32f10x_it.o
    0x08002964   0x00000084   Code   RO          153    i.Key_Init          key.o
    0x080029e8   0x00000038   Code   RO          379    i.LED1_Twinkling    led.o
    0x08002a20   0x00000038   Code   RO          380    i.LED2_Twinkling    led.o
    0x08002a58   0x00000038   Code   RO          381    i.LED_Init          led.o
    0x08002a90   0x00000038   Code   RO          382    i.LED_Start         led.o
    0x08002ac8   0x0000016c   Code   RO          946    i.Least_Square      least_square.o
    0x08002c34   0x00000020   Code   RO          361    i.Low_Power_Mode    power.o
    0x08002c54   0x00000004   Code   RO          972    i.MemManage_Handler  stm32f10x_it.o
    0x08002c58   0x00000002   Code   RO          973    i.NMI_Handler       stm32f10x_it.o
    0x08002c5a   0x00000002   PAD
    0x08002c5c   0x00000070   Code   RO         1101    i.NVIC_Init         misc.o
    0x08002ccc   0x00000014   Code   RO         1102    i.NVIC_PriorityGroupConfig  misc.o
    0x08002ce0   0x00000044   Code   RO          474    i.OLED_Clear        oled.o
    0x08002d24   0x0000002e   Code   RO          475    i.OLED_Coord        oled.o
    0x08002d52   0x0000001c   Code   RO          476    i.OLED_Display_Off  oled.o
    0x08002d6e   0x0000001c   Code   RO          477    i.OLED_Display_On   oled.o
    0x08002d8a   0x00000002   PAD
    0x08002d8c   0x00000038   Code   RO          478    i.OLED_GPIO_INIT    oled.o
    0x08002dc4   0x00000124   Code   RO          479    i.OLED_Init         oled.o
    0x08002ee8   0x00000070   Code   RO          480    i.OLED_ShowChar     oled.o
    0x08002f58   0x000000c8   Code   RO          483    i.OLED_Show_16X32_Num  oled.o
    0x08003020   0x00000038   Code   RO          594    i.OLED_Show_Battery  battery.o
    0x08003058   0x00000048   Code   RO          484    i.OLED_Show_Big_Time  oled.o
    0x080030a0   0x00000044   Code   RO          595    i.OLED_Show_RealTime_Battery  battery.o
    0x080030e4   0x00000036   Code   RO          485    i.OLED_Show_String  oled.o
    0x0800311a   0x00000002   PAD
    0x0800311c   0x00000028   Code   RO          216    i.One_CLK           cs1237.o
    0x08003144   0x00000040   Code   RO         1968    i.PWR_EnterSTOPMode  stm32f10x_pwr.o
    0x08003184   0x00000002   Code   RO          974    i.PendSV_Handler    stm32f10x_it.o
    0x08003186   0x00000002   PAD
    0x08003188   0x00000018   Code   RO         1458    i.RCC_ADCCLKConfig  stm32f10x_rcc.o
    0x080031a0   0x00000020   Code   RO         1459    i.RCC_AHBPeriphClockCmd  stm32f10x_rcc.o
    0x080031c0   0x00000020   Code   RO         1460    i.RCC_APB1PeriphClockCmd  stm32f10x_rcc.o
    0x080031e0   0x00000020   Code   RO         1461    i.RCC_APB1PeriphResetCmd  stm32f10x_rcc.o
    0x08003200   0x00000020   Code   RO         1462    i.RCC_APB2PeriphClockCmd  stm32f10x_rcc.o
    0x08003220   0x00000020   Code   RO         1463    i.RCC_APB2PeriphResetCmd  stm32f10x_rcc.o
    0x08003240   0x000000d4   Code   RO         1470    i.RCC_GetClocksFreq  stm32f10x_rcc.o
    0x08003314   0x0000003c   Code   RO         1471    i.RCC_GetFlagStatus  stm32f10x_rcc.o
    0x08003350   0x00000010   Code   RO         1473    i.RCC_GetSYSCLKSource  stm32f10x_rcc.o
    0x08003360   0x0000004c   Code   RO         1475    i.RCC_HSEConfig     stm32f10x_rcc.o
    0x080033ac   0x0000000c   Code   RO         1483    i.RCC_PLLCmd        stm32f10x_rcc.o
    0x080033b8   0x00000018   Code   RO         1487    i.RCC_SYSCLKConfig  stm32f10x_rcc.o
    0x080033d0   0x00000038   Code   RO         1489    i.RCC_WaitForHSEStartUp  stm32f10x_rcc.o
    0x08003408   0x00000042   Code   RO          362    i.Restart_From_Low_Power  power.o
    0x0800344a   0x00000002   PAD
    0x0800344c   0x0000007c   Code   RO          487    i.SPI_Write         oled.o
    0x080034c8   0x00000002   Code   RO          975    i.SVC_Handler       stm32f10x_it.o
    0x080034ca   0x00000008   Code   RO         1033    i.SetSysClock       system_stm32f10x.o
    0x080034d2   0x00000002   PAD
    0x080034d4   0x000000e0   Code   RO         1034    i.SetSysClockTo72   system_stm32f10x.o
    0x080035b4   0x00000002   Code   RO          976    i.SysTick_Handler   stm32f10x_it.o
    0x080035b6   0x00000002   PAD
    0x080035b8   0x00000060   Code   RO         1036    i.SystemInit        system_stm32f10x.o
    0x08003618   0x00000058   Code   RO          702    i.USART1_IRQHandler  usart1.o
    0x08003670   0x000000e0   Code   RO          758    i.USART2_IRQHandler  usart2.o
    0x08003750   0x00000106   Code   RO          889    i.USART2_printf     usart2printf.o
    0x08003856   0x00000002   PAD
    0x08003858   0x000000a8   Code   RO          703    i.USART_1_Init      usart1.o
    0x08003900   0x00000012   Code   RO         1658    i.USART_ClearFlag   stm32f10x_usart.o
    0x08003912   0x00000018   Code   RO         1662    i.USART_Cmd         stm32f10x_usart.o
    0x0800392a   0x00000012   Code   RO         1663    i.USART_DMACmd      stm32f10x_usart.o
    0x0800393c   0x00000050   Code   RO          704    i.USART_DMA_Receive  usart1.o
    0x0800398c   0x0000009c   Code   RO         1664    i.USART_DeInit      stm32f10x_usart.o
    0x08003a28   0x0000001a   Code   RO         1665    i.USART_GetFlagStatus  stm32f10x_usart.o
    0x08003a42   0x00000054   Code   RO         1666    i.USART_GetITStatus  stm32f10x_usart.o
    0x08003a96   0x0000004a   Code   RO         1668    i.USART_ITConfig    stm32f10x_usart.o
    0x08003ae0   0x000000d8   Code   RO         1669    i.USART_Init        stm32f10x_usart.o
    0x08003bb8   0x00000078   Code   RO          705    i.USART_RX_DMA_Config  usart1.o
    0x08003c30   0x0000000a   Code   RO         1676    i.USART_ReceiveData  stm32f10x_usart.o
    0x08003c3a   0x00000008   Code   RO         1679    i.USART_SendData    stm32f10x_usart.o
    0x08003c42   0x00000004   Code   RO          977    i.UsageFault_Handler  stm32f10x_it.o
    0x08003c46   0x00000002   PAD
    0x08003c48   0x00000084   Code   RO          759    i.Usart2_Configuration  usart2.o
    0x08003ccc   0x00000048   Code   RO          760    i.Usart2_GPIO_Init  usart2.o
    0x08003d14   0x00000020   Code   RO         2674    i.__0printf         mc_w.l(printfa.o)
    0x08003d34   0x00000028   Code   RO         2676    i.__0sprintf        mc_w.l(printfa.o)
    0x08003d5c   0x00000028   Code   RO         2748    i.__ARM_fpclassify  m_ws.l(fpclassify.o)
    0x08003d84   0x000000aa   Code   RO         2750    i.__kernel_poly     m_ws.l(poly.o)
    0x08003e2e   0x00000002   PAD
    0x08003e30   0x00000010   Code   RO         2734    i.__mathlib_dbl_divzero  m_ws.l(dunder.o)
    0x08003e40   0x00000004   Code   RO         2736    i.__mathlib_dbl_infnan2  m_ws.l(dunder.o)
    0x08003e44   0x0000000c   Code   RO         2737    i.__mathlib_dbl_invalid  m_ws.l(dunder.o)
    0x08003e50   0x0000000e   Code   RO         2738    i.__mathlib_dbl_overflow  m_ws.l(dunder.o)
    0x08003e5e   0x00000002   PAD
    0x08003e60   0x00000010   Code   RO         2740    i.__mathlib_dbl_underflow  m_ws.l(dunder.o)
    0x08003e70   0x0000000e   Code   RO         2810    i.__scatterload_copy  mc_w.l(handlers.o)
    0x08003e7e   0x00000002   Code   RO         2811    i.__scatterload_null  mc_w.l(handlers.o)
    0x08003e80   0x0000000e   Code   RO         2812    i.__scatterload_zeroinit  mc_w.l(handlers.o)
    0x08003e8e   0x00000002   PAD
    0x08003e90   0x0000000c   Code   RO         2788    i.__set_errno       mc_w.l(errno.o)
    0x08003e9c   0x00000164   Code   RO         2681    i._fp_digits        mc_w.l(printfa.o)
    0x08004000   0x000006dc   Code   RO         2682    i._printf_core      mc_w.l(printfa.o)
    0x080046dc   0x00000024   Code   RO         2683    i._printf_post_padding  mc_w.l(printfa.o)
    0x08004700   0x0000002e   Code   RO         2684    i._printf_pre_padding  mc_w.l(printfa.o)
    0x0800472e   0x0000000a   Code   RO         2686    i._sputc            mc_w.l(printfa.o)
    0x08004738   0x00000028   Code   RO          290    i.filter_eliminate_dithering  filter.o
    0x08004760   0x00000024   Code   RO          706    i.fputc             usart1.o
    0x08004784   0x00000062   Code   RO          890    i.itoa              usart2printf.o
    0x080047e6   0x00000002   PAD
    0x080047e8   0x00000258   Code   RO            1    i.main              main.o
    0x08004a40   0x00000020   Code   RO          217    i.mode_IPU          cs1237.o
    0x08004a60   0x00000024   Code   RO          218    i.mode_Out_PP       cs1237.o
    0x08004a84   0x00000016   Code   RO          488    i.oled_pow          oled.o
    0x08004a9a   0x00000002   PAD
    0x08004a9c   0x000009b8   Code   RO         2421    i.pow               m_ws.l(pow.o)
    0x08005454   0x00000058   Code   RO          173    i.remove_empty_weight  balance.o
    0x080054ac   0x0000004c   Code   RO         2754    i.sqrt              m_ws.l(sqrt.o)
    0x080054f8   0x00000f72   Data   RO          582    .constdata          word.o
    0x0800646a   0x00000006   PAD
    0x08006470   0x00000088   Data   RO         2422    .constdata          m_ws.l(pow.o)
    0x080064f8   0x00000008   Data   RO         2752    .constdata          m_ws.l(qnan.o)
    0x08006500   0x00000043   Data   RO          810    .conststring        client.o
    0x08006543   0x00000001   PAD
    0x08006544   0x00000020   Data   RO         2808    Region$$Table       anon$$obj.o


    Execution Region RW_IRAM1 (Base: 0x20000000, Size: 0x00000d28, Max: 0x00005000, ABSOLUTE, COMPRESSED[0x000000c4])

    Base Addr    Size         Type   Attr      Idx    E Section Name        Object

    0x20000000   0x0000001b   Data   RW            3    .data               main.o
    0x2000001b   0x00000001   PAD
    0x2000001c   0x0000000a   Data   RW          174    .data               balance.o
    0x20000026   0x00000002   PAD
    0x20000028   0x00000008   Data   RW          219    .data               cs1237.o
    0x20000030   0x00000004   Data   RW          326    .data               hmi.o
    0x20000034   0x0000000e   Data   RW          419    .data               ds1302.o
    0x20000042   0x00000002   Data   RW          620    .data               adc.o
    0x20000044   0x00000004   Data   RW          708    .data               usart1.o
    0x20000048   0x00000001   Data   RW          762    .data               usart2.o
    0x20000049   0x000000c9   Data   RW          811    .data               client.o
    0x20000112   0x00000002   PAD
    0x20000114   0x00000194   Data   RW          948    .data               least_square.o
    0x200002a8   0x00000014   Data   RW         1490    .data               stm32f10x_rcc.o
    0x200002bc   0x00000004   Data   RW         2775    .data               mc_w.l(stdout.o)
    0x200002c0   0x00000004   Data   RW         2789    .data               mc_w.l(errno.o)
    0x200002c4   0x00000032   Zero   RW            2    .bss                main.o
    0x200002f6   0x00000002   PAD
    0x200002f8   0x00000028   Zero   RW          325    .bss                hmi.o
    0x20000320   0x0000003c   Zero   RW          619    .bss                adc.o
    0x2000035c   0x000001aa   Zero   RW          707    .bss                usart1.o
    0x20000506   0x00000096   Zero   RW          761    .bss                usart2.o
    0x2000059c   0x000001f6   Zero   RW          809    .bss                client.o
    0x20000792   0x00000002   PAD
    0x20000794   0x00000190   Zero   RW          947    .bss                least_square.o
    0x20000924   0x00000004   PAD
    0x20000928   0x00000400   Zero   RW         1094    STACK               startup_stm32f10x_hd.o


==============================================================================

Image component sizes


      Code (inc. data)   RO Data    RW Data    ZI Data      Debug   Object Name

       458         38          0          2         60       3549   adc.o
       668        130          0         10          0       2568   balance.o
       124         12          0          0          0       1129   battery.o
       112         12          0          0          0        983   beep.o
      1400        550         67        201        502       6994   client.o
         0          0          0          0          0         32   core_cm3.o
      1614        124          0          8          0       6875   cs1237.o
        20          0          0          0          0        423   delay.o
       746         56          0         14          0       4117   ds1302.o
        40          0          0          0          0        621   filter.o
      1116        160          0          4         40       3433   hmi.o
       192         10          0          0          0        978   key.o
       364         20          0        404        400       1383   least_square.o
       224         20          0          0          0       1861   led.o
       600        122          0         27         50     255053   main.o
       132         22          0          0          0       1331   misc.o
      1102         26          0          0          0       6445   oled.o
        98          0          0          0          0        902   power.o
        36          8        304          0       1024        764   startup_stm32f10x_hd.o
       482         24          0          0          0       7186   stm32f10x_adc.o
       518         26          0          0          0       5661   stm32f10x_dma.o
       200         18          0          0          0       1828   stm32f10x_exti.o
       368          4          0          0          0       3858   stm32f10x_gpio.o
        26          0          0          0          0       3514   stm32f10x_it.o
        64         10          0          0          0        568   stm32f10x_pwr.o
       640         84          0         20          0       9093   stm32f10x_rcc.o
       634         28          0          0          0       7137   stm32f10x_usart.o
       328         28          0          0          0       1701   system_stm32f10x.o
       524         64          0          4        426       3974   usart1.o
       444         28          0          1        150       2594   usart2.o
       360          0          0          0          0       2412   usart2printf.o
         0          0       3954          0          0        654   word.o

    ----------------------------------------------------------------------
     13664       1624       4364        700       2660     349621   Object Totals
         0          0         32          0          0          0   (incl. Generated)
        30          0          7          5          8          0   (incl. Padding)

    ----------------------------------------------------------------------

      Code (inc. data)   RO Data    RW Data    ZI Data      Debug   Library Member Name

        62         10          0          0          0        340   dunder.o
        40          0          0          0          0         68   fpclassify.o
       170          0          0          0          0         96   poly.o
      2488        190        136          0          0        300   pow.o
         0          0          8          0          0          0   qnan.o
        76          0          0          0          0         84   sqrt.o
        86          0          0          0          0          0   __dczerorl2.o
         0          0          0          0          0          0   entry.o
         0          0          0          0          0          0   entry10a.o
         0          0          0          0          0          0   entry11a.o
         8          4          0          0          0          0   entry2.o
         4          0          0          0          0          0   entry5.o
         0          0          0          0          0          0   entry7b.o
         0          0          0          0          0          0   entry8b.o
         8          4          0          0          0          0   entry9a.o
        12          6          0          4          0         68   errno.o
        30          0          0          0          0          0   handlers.o
        36          8          0          0          0         68   init.o
         0          0          0          0          0          0   iusefp.o
        30          0          0          0          0         68   llshl.o
        36          0          0          0          0         68   llsshr.o
        32          0          0          0          0         68   llushr.o
        36          0          0          0          0         68   memcpya.o
        36          0          0          0          0        108   memseta.o
      2276         96          0          0          0        596   printfa.o
         0          0          0          4          0          0   stdout.o
        36          0          0          0          0         80   strstr.o
        44          0          0          0          0         80   uidiv.o
        98          0          0          0          0         92   uldiv.o
        48          0          0          0          0         68   cdcmple.o
        48          0          0          0          0         68   cdrcmple.o
        20          0          0          0          0         68   cfcmple.o
        20          0          0          0          0         68   cfrcmple.o
        56          0          0          0          0         88   d2f.o
       334          0          0          0          0        148   dadd.o
       222          0          0          0          0        100   ddiv.o
       186          0          0          0          0        176   depilogue.o
        62          0          0          0          0         80   dfixi.o
        48          0          0          0          0         68   dfixul.o
        34          0          0          0          0         76   dflti.o
       228          0          0          0          0         96   dmul.o
        46          0          0          0          0         80   dscalb.o
       162          0          0          0          0        100   dsqrt.o
        38          0          0          0          0         68   f2d.o
       176          0          0          0          0        140   fadd.o
       124          0          0          0          0         88   fdiv.o
       110          0          0          0          0        168   fepilogue.o
        40          0          0          0          0         68   ffixui.o
        18          0          0          0          0         68   fflti.o
        10          0          0          0          0         68   ffltui.o
       100          0          0          0          0         76   fmul.o

    ----------------------------------------------------------------------
      7784        318        144          8          0       4280   Library Totals
        10          0          0          0          0          0   (incl. Padding)

    ----------------------------------------------------------------------

      Code (inc. data)   RO Data    RW Data    ZI Data      Debug   Library Name

      2836        200        144          0          0        888   m_ws.l
      2808        118          0          8          0       1364   mc_w.l
      2130          0          0          0          0       2028   mf_w.l

    ----------------------------------------------------------------------
      7784        318        144          8          0       4280   Library Totals

    ----------------------------------------------------------------------

==============================================================================


      Code (inc. data)   RO Data    RW Data    ZI Data      Debug   

     21448       1942       4508        708       2660     344201   Grand Totals
     21448       1942       4508        196       2660     344201   ELF Image Totals (compressed)
     21448       1942       4508        196          0          0   ROM Totals

==============================================================================

    Total RO  Size (Code + RO Data)                25956 (  25.35kB)
    Total RW  Size (RW Data + ZI Data)              3368 (   3.29kB)
    Total ROM Size (Code + RO Data + RW Data)      26152 (  25.54kB)

==============================================================================

